I2CDev.h:40:8:readBit	32	static
I2CDev.h:47:8:readBits	32	static
I2CDev.h:63:8:readByte	32	static
I2CDev.h:67:8:readBytes	40	static
I2CDev.h:73:8:readWord	40	static
I2CDev.h:81:8:read32Bits	48	static
I2CDev.h:92:6:writeBit	32	static
I2CDev.h:99:6:writeBits	32	static
I2CDev.h:120:6:writeByte	24	static
I2CDev.h:124:6:writeBytes	40	static
I2CDev.h:129:6:writeWord	32	static
I2CDev.h:136:6:write32Bits	40	static
main.c:132:8:PrintMessage	16	static
main.c:142:8:PrintNumber	24	static
main.c:152:8:PrintNewLine	8	static
main.c:161:8:getTime	8	static
main.c:170:8:initLaserDistanceSensor	8	static
main.c:198:8:readLaserDistanceValue	8	static
main.c:206:8:ultraSonicDisctanceRead	8	static
main.c:216:8:measureTemperatureAndHumidity	8	static
main.c:226:8:loadCellInit	64	static
main.c:244:8:measureWeight	16	static
main.c:252:8:measureSoilMoisture	8	static
main.c:262:8:sendJSONData	1048	static
main.c:282:8:measureAllData	8	static
main.c:308:8:I2C_Read_Byte	24	static
main.c:322:8:I2C_Write_Byte	32	static
main.c:332:8:readMulti	32	static
main.c:349:9:writeMulti	40	static
main.c:364:5:main	8	static
main.c:439:6:SystemClock_Config	200	static
main.c:508:13:MX_ADC1_Init	32	static
main.c:564:13:MX_I2C1_Init	8	static
main.c:610:13:MX_RTC_Init	8	static
main.c:645:13:MX_TIM1_Init	40	static
main.c:695:13:MX_TIM6_Init	24	static
main.c:733:13:MX_USART1_UART_Init	8	static
main.c:768:13:MX_USART2_UART_Init	8	static
main.c:803:13:MX_GPIO_Init	40	static
main.c:845:6:_Error_Handler	16	static
main.c:851:6:HAL_TIM_IC_CaptureCallback	24	static
main.c:878:6:HAL_UART_RxCpltCallback	16	static
main.c:897:6:Error_Handler	4	static
