I2CDev.h:40:8:readBit	32	static
I2CDev.h:47:8:readBits	32	static
I2CDev.h:63:8:readByte	32	static
I2CDev.h:67:8:readBytes	40	static
I2CDev.h:73:8:readWord	40	static
I2CDev.h:81:8:read32Bits	48	static
I2CDev.h:92:6:writeBit	32	static
I2CDev.h:99:6:writeBits	32	static
I2CDev.h:120:6:writeByte	24	static
I2CDev.h:124:6:writeBytes	40	static
I2CDev.h:129:6:writeWord	32	static
I2CDev.h:136:6:write32Bits	40	static
VL53L0X.c:18:6:setup_VL53L0X	16	static
VL53L0X.c:24:6:setAddress	16	static
VL53L0X.c:30:9:getAddress	16	static
VL53L0X.c:35:9:getWhoAmI	16	static
VL53L0X.c:48:6:init	40	static
VL53L0X.c:275:6:writeReg	16	static
VL53L0X.c:284:6:writeReg16Bit	16	static
VL53L0X.c:291:6:writeReg32Bit	24	static
VL53L0X.c:298:9:readReg	32	static
VL53L0X.c:308:10:readReg16Bit	32	static
VL53L0X.c:318:10:readReg32Bit	32	static
VL53L0X.c:337:6:setSignalRateLimit	24	static
VL53L0X.c:347:7:getSignalRateLimit	16	static
VL53L0X.c:359:6:setMeasurementTimingBudget	80	static
VL53L0X.c:448:10:getMeasurementTimingBudget	64	static
VL53L0X.c:502:6:setVcselPulsePeriod	56	static
VL53L0X.c:679:9:getVcselPulsePeriod	16	static
VL53L0X.c:698:6:startContinuous	24	static
VL53L0X.c:737:6:stopContinuous	16	static
VL53L0X.c:751:10:readRangeContinuousMillimeters	24	static
VL53L0X.c:781:10:readRangeSingleMillimeters	16	static
VL53L0X.c:807:6:setTimeout	16	static
VL53L0X.c:812:10:getTimeout	16	static
VL53L0X.c:819:6:timeoutOccurred	24	static
VL53L0X.c:831:6:getSpadInfo	32	static
VL53L0X.c:873:6:getSequenceStepEnables	24	static
VL53L0X.c:888:6:getSequenceStepTimeouts	24	static
VL53L0X.c:922:10:decodeTimeout	16	static
VL53L0X.c:933:10:encodeTimeout	24	static
VL53L0X.c:957:10:timeoutMclksToMicroseconds	24	static
VL53L0X.c:966:10:timeoutMicrosecondsToMclks	24	static
VL53L0X.c:975:6:performSingleRefCalibration	16	static
VL53L0X.c:995:6:startTimeout	16	static
VL53L0X.c:1001:6:checkTimeoutExpired	16	static
VL53L0X.c:1016:9:decodeVcselPeriod	16	static
VL53L0X.c:1023:9:encodeVcselPeriod	16	static
VL53L0X.c:1031:10:calcMacroPeriod	16	static
