Archive member included to satisfy reference by file (symbol)

c:/program files (x86)/atollic/truestudio for stm32 9.3.0/armtools/bin/../lib/gcc/arm-atollic-eabi/6.3.1/../../../../arm-atollic-eabi/lib/armv7e-m/fpu\libc_nano.a(lib_a-errno.o)
                              Core\Src\syscalls.o (__errno)
c:/program files (x86)/atollic/truestudio for stm32 9.3.0/armtools/bin/../lib/gcc/arm-atollic-eabi/6.3.1/../../../../arm-atollic-eabi/lib/armv7e-m/fpu\libc_nano.a(lib_a-impure.o)
                              c:/program files (x86)/atollic/truestudio for stm32 9.3.0/armtools/bin/../lib/gcc/arm-atollic-eabi/6.3.1/../../../../arm-atollic-eabi/lib/armv7e-m/fpu\libc_nano.a(lib_a-errno.o) (_impure_ptr)
c:/program files (x86)/atollic/truestudio for stm32 9.3.0/armtools/bin/../lib/gcc/arm-atollic-eabi/6.3.1/../../../../arm-atollic-eabi/lib/armv7e-m/fpu\libc_nano.a(lib_a-init.o)
                              startup\startup_stm32l452xx.o (__libc_init_array)
c:/program files (x86)/atollic/truestudio for stm32 9.3.0/armtools/bin/../lib/gcc/arm-atollic-eabi/6.3.1/../../../../arm-atollic-eabi/lib/armv7e-m/fpu\libc_nano.a(lib_a-memset.o)
                              Core\Src\main.o (memset)
c:/program files (x86)/atollic/truestudio for stm32 9.3.0/armtools/bin/../lib/gcc/arm-atollic-eabi/6.3.1/../../../../arm-atollic-eabi/lib/armv7e-m/fpu\libc_nano.a(lib_a-sprintf.o)
                              Core\Src\main.o (sprintf)
c:/program files (x86)/atollic/truestudio for stm32 9.3.0/armtools/bin/../lib/gcc/arm-atollic-eabi/6.3.1/../../../../arm-atollic-eabi/lib/armv7e-m/fpu\libc_nano.a(lib_a-sscanf.o)
                              Core\Src\main.o (sscanf)
c:/program files (x86)/atollic/truestudio for stm32 9.3.0/armtools/bin/../lib/gcc/arm-atollic-eabi/6.3.1/../../../../arm-atollic-eabi/lib/armv7e-m/fpu\libc_nano.a(lib_a-stdio.o)
                              c:/program files (x86)/atollic/truestudio for stm32 9.3.0/armtools/bin/../lib/gcc/arm-atollic-eabi/6.3.1/../../../../arm-atollic-eabi/lib/armv7e-m/fpu\libc_nano.a(lib_a-sscanf.o) (__seofread)
c:/program files (x86)/atollic/truestudio for stm32 9.3.0/armtools/bin/../lib/gcc/arm-atollic-eabi/6.3.1/../../../../arm-atollic-eabi/lib/armv7e-m/fpu\libc_nano.a(lib_a-strlen.o)
                              Core\Src\main.o (strlen)
c:/program files (x86)/atollic/truestudio for stm32 9.3.0/armtools/bin/../lib/gcc/arm-atollic-eabi/6.3.1/../../../../arm-atollic-eabi/lib/armv7e-m/fpu\libc_nano.a(lib_a-writer.o)
                              c:/program files (x86)/atollic/truestudio for stm32 9.3.0/armtools/bin/../lib/gcc/arm-atollic-eabi/6.3.1/../../../../arm-atollic-eabi/lib/armv7e-m/fpu\libc_nano.a(lib_a-stdio.o) (_write_r)
c:/program files (x86)/atollic/truestudio for stm32 9.3.0/armtools/bin/../lib/gcc/arm-atollic-eabi/6.3.1/../../../../arm-atollic-eabi/lib/armv7e-m/fpu\libc_nano.a(lib_a-closer.o)
                              c:/program files (x86)/atollic/truestudio for stm32 9.3.0/armtools/bin/../lib/gcc/arm-atollic-eabi/6.3.1/../../../../arm-atollic-eabi/lib/armv7e-m/fpu\libc_nano.a(lib_a-stdio.o) (_close_r)
c:/program files (x86)/atollic/truestudio for stm32 9.3.0/armtools/bin/../lib/gcc/arm-atollic-eabi/6.3.1/../../../../arm-atollic-eabi/lib/armv7e-m/fpu\libc_nano.a(lib_a-lseekr.o)
                              c:/program files (x86)/atollic/truestudio for stm32 9.3.0/armtools/bin/../lib/gcc/arm-atollic-eabi/6.3.1/../../../../arm-atollic-eabi/lib/armv7e-m/fpu\libc_nano.a(lib_a-stdio.o) (_lseek_r)
c:/program files (x86)/atollic/truestudio for stm32 9.3.0/armtools/bin/../lib/gcc/arm-atollic-eabi/6.3.1/../../../../arm-atollic-eabi/lib/armv7e-m/fpu\libc_nano.a(lib_a-nano-svfprintf.o)
                              c:/program files (x86)/atollic/truestudio for stm32 9.3.0/armtools/bin/../lib/gcc/arm-atollic-eabi/6.3.1/../../../../arm-atollic-eabi/lib/armv7e-m/fpu\libc_nano.a(lib_a-sprintf.o) (_svfprintf_r)
c:/program files (x86)/atollic/truestudio for stm32 9.3.0/armtools/bin/../lib/gcc/arm-atollic-eabi/6.3.1/../../../../arm-atollic-eabi/lib/armv7e-m/fpu\libc_nano.a(lib_a-nano-svfscanf.o)
                              c:/program files (x86)/atollic/truestudio for stm32 9.3.0/armtools/bin/../lib/gcc/arm-atollic-eabi/6.3.1/../../../../arm-atollic-eabi/lib/armv7e-m/fpu\libc_nano.a(lib_a-sscanf.o) (__ssvfscanf_r)
c:/program files (x86)/atollic/truestudio for stm32 9.3.0/armtools/bin/../lib/gcc/arm-atollic-eabi/6.3.1/../../../../arm-atollic-eabi/lib/armv7e-m/fpu\libc_nano.a(lib_a-nano-vfprintf_i.o)
                              c:/program files (x86)/atollic/truestudio for stm32 9.3.0/armtools/bin/../lib/gcc/arm-atollic-eabi/6.3.1/../../../../arm-atollic-eabi/lib/armv7e-m/fpu\libc_nano.a(lib_a-nano-svfprintf.o) (_printf_i)
c:/program files (x86)/atollic/truestudio for stm32 9.3.0/armtools/bin/../lib/gcc/arm-atollic-eabi/6.3.1/../../../../arm-atollic-eabi/lib/armv7e-m/fpu\libc_nano.a(lib_a-nano-vfscanf_i.o)
[...]
Memory Configuration

Name             Origin             Length             Attributes
RAM              0x20000000         0x00028000         xrw
FLASH            0x08000000         0x00080000         xr
*default*        0x00000000         0xffffffff

Linker script and memory map

LOAD c:/program files (x86)/atollic/truestudio for stm32 9.3.0/armtools/bin/../lib/gcc/arm-atollic-eabi/6.3.1/armv7e-m/fpu/crti.o
LOAD c:/program files (x86)/atollic/truestudio for stm32 9.3.0/armtools/bin/../lib/gcc/arm-atollic-eabi/6.3.1/armv7e-m/fpu/crtbegin.o
LOAD Core\Src\VL53L0X.o
LOAD Core\Src\hx711.o
LOAD Core\Src\main.o
LOAD Core\Src\mk_dht11.o
LOAD Core\Src\stm32l4xx_hal_msp.o
LOAD Core\Src\stm32l4xx_it.o
LOAD Core\Src\syscalls.o
LOAD Core\Src\system_stm32l4xx.o
LOAD Drivers\STM32L4xx_HAL_Driver\Src\stm32l4xx_hal.o
LOAD Drivers\STM32L4xx_HAL_Driver\Src\stm32l4xx_hal_adc.o
LOAD Drivers\STM32L4xx_HAL_Driver\Src\stm32l4xx_hal_adc_ex.o
LOAD Drivers\STM32L4xx_HAL_Driver\Src\stm32l4xx_hal_cortex.o
LOAD Drivers\STM32L4xx_HAL_Driver\Src\stm32l4xx_hal_dma.o
LOAD Drivers\STM32L4xx_HAL_Driver\Src\stm32l4xx_hal_dma_ex.o
LOAD Drivers\STM32L4xx_HAL_Driver\Src\stm32l4xx_hal_exti.o
LOAD Drivers\STM32L4xx_HAL_Driver\Src\stm32l4xx_hal_flash.o
LOAD Drivers\STM32L4xx_HAL_Driver\Src\stm32l4xx_hal_flash_ex.o
LOAD Drivers\STM32L4xx_HAL_Driver\Src\stm32l4xx_hal_flash_ramfunc.o
LOAD Drivers\STM32L4xx_HAL_Driver\Src\stm32l4xx_hal_gpio.o
LOAD Drivers\STM32L4xx_HAL_Driver\Src\stm32l4xx_hal_i2c.o
LOAD Drivers\STM32L4xx_HAL_Driver\Src\stm32l4xx_hal_i2c_ex.o
LOAD Drivers\STM32L4xx_HAL_Driver\Src\stm32l4xx_hal_pwr.o
LOAD Drivers\STM32L4xx_HAL_Driver\Src\stm32l4xx_hal_pwr_ex.o
LOAD Drivers\STM32L4xx_HAL_Driver\Src\stm32l4xx_hal_rcc.o
LOAD Drivers\STM32L4xx_HAL_Driver\Src\stm32l4xx_hal_rcc_ex.o
LOAD Drivers\STM32L4xx_HAL_Driver\Src\stm32l4xx_hal_rtc.o
LOAD Drivers\STM32L4xx_HAL_Driver\Src\stm32l4xx_hal_rtc_ex.o
LOAD Drivers\STM32L4xx_HAL_Driver\Src\stm32l4xx_hal_tim.o
LOAD Drivers\STM32L4xx_HAL_Driver\Src\stm32l4xx_hal_tim_ex.o
LOAD Drivers\STM32L4xx_HAL_Driver\Src\stm32l4xx_hal_uart.o
LOAD Drivers\STM32L4xx_HAL_Driver\Src\stm32l4xx_hal_uart_ex.o
LOAD startup\startup_stm32l452xx.o
                0x00000080                malloc_getpagesize_P = 0x80
START GROUP
LOAD c:/program files (x86)/atollic/truestudio for stm32 9.3.0/armtools/bin/../lib/gcc/arm-atollic-eabi/6.3.1/../../../../arm-atollic-eabi/lib/armv7e-m/fpu\libc_nano.a
LOAD c:/program files (x86)/atollic/truestudio for stm32 9.3.0/armtools/bin/../lib/gcc/arm-atollic-eabi/6.3.1/../../../../arm-atollic-eabi/lib/armv7e-m/fpu\libm.a
END GROUP
START GROUP
LOAD c:/program files (x86)/atollic/truestudio for stm32 9.3.0/armtools/bin/../lib/gcc/arm-atollic-eabi/6.3.1/armv7e-m/fpu\libgcc.a
LOAD c:/program files (x86)/atollic/truestudio for stm32 9.3.0/armtools/bin/../lib/gcc/arm-atollic-eabi/6.3.1/../../../../arm-atollic-eabi/lib/armv7e-m/fpu\libc_nano.a
END GROUP
START GROUP
LOAD c:/program files (x86)/atollic/truestudio for stm32 9.3.0/armtools/bin/../lib/gcc/arm-atollic-eabi/6.3.1/armv7e-m/fpu\libgcc.a
LOAD c:/program files (x86)/atollic/truestudio for stm32 9.3.0/armtools/bin/../lib/gcc/arm-atollic-eabi/6.3.1/../../../../arm-atollic-eabi/lib/armv7e-m/fpu\libc_nano.a
LOAD c:/program files (x86)/atollic/truestudio for stm32 9.3.0/armtools/bin/../lib/gcc/arm-atollic-eabi/6.3.1/../../../../arm-atollic-eabi/lib/armv7e-m/fpu\libnosys.a
END GROUP
START GROUP
LOAD c:/program files (x86)/atollic/truestudio for stm32 9.3.0/armtools/bin/../lib/gcc/arm-atollic-eabi/6.3.1/armv7e-m/fpu\libgcc.a
LOAD c:/program files (x86)/atollic/truestudio for stm32 9.3.0/armtools/bin/../lib/gcc/arm-atollic-eabi/6.3.1/../../../../arm-atollic-eabi/lib/armv7e-m/fpu\libc_nano.a
LOAD c:/program files (x86)/atollic/truestudio for stm32 9.3.0/armtools/bin/../lib/gcc/arm-atollic-eabi/6.3.1/../../../../arm-atollic-eabi/lib/armv7e-m/fpu\libnosys.a
END GROUP
LOAD c:/program files (x86)/atollic/truestudio for stm32 9.3.0/armtools/bin/../lib/gcc/arm-atollic-eabi/6.3.1/armv7e-m/fpu/crtend.o
LOAD c:/program files (x86)/atollic/truestudio for stm32 9.3.0/armtools/bin/../lib/gcc/arm-atollic-eabi/6.3.1/armv7e-m/fpu/crtn.o
                0x20028000                _estack = 0x20028000
                0x00000200                _Min_Heap_Size = 0x200
                0x00000400                _Min_Stack_Size = 0x400

.isr_vector     0x08000000      0x194
                0x08000000                . = ALIGN (0x4)
 *(.isr_vector)
 .isr_vector    0x08000000      0x194 startup\startup_stm32l452xx.o
                0x08000000                g_pfnVectors
                0x08000194                . = ALIGN (0x4)

.text           0x080001a0     0xab38
                0x080001a0                . = ALIGN (0x4)
 *(.text)
 .text          0x080001a0       0x40 c:/program files (x86)/atollic/truestudio for stm32 9.3.0/armtools/bin/../lib/gcc/arm-atollic-eabi/6.3.1/armv7e-m/fpu/crtbegin.o
 .text          0x080001e0       0x10 c:/program files (x86)/atollic/truestudio for stm32 9.3.0/armtools/bin/../lib/gcc/arm-atollic-eabi/6.3.1/../../../../arm-atollic-eabi/lib/armv7e-m/fpu\libc_nano.a(lib_a-strlen.o)
                0x080001e0                strlen
 .text          0x080001f0       0xa0 c:/program files (x86)/atollic/truestudio for stm32 9.3.0/armtools/bin/../lib/gcc/arm-atollic-eabi/6.3.1/../../../../arm-atollic-eabi/lib/armv7e-m/fpu\libc_nano.a(lib_a-memchr.o)
                0x080001f0                memchr
 .text          0x08000290      0x370 c:/program files (x86)/atollic/truestudio for stm32 9.3.0/armtools/bin/../lib/gcc/arm-atollic-eabi/6.3.1/armv7e-m/fpu\libgcc.a(_arm_addsubdf3.o)
                0x08000290                __aeabi_drsub
                0x08000298                __aeabi_dsub
                0x08000298                __subdf3
                0x0800029c                __aeabi_dadd
                0x0800029c                __adddf3
                0x08000514                __floatunsidf
                0x08000514                __aeabi_ui2d
                0x08000534                __floatsidf
                0x08000534                __aeabi_i2d
                0x08000558                __aeabi_f2d
                0x08000558                __extendsfdf2
                0x08000594                __floatundidf
                0x08000594                __aeabi_ul2d
                0x080005a4                __floatdidf
                0x080005a4                __aeabi_l2d
 .text          0x08000600      0x424 c:/program files (x86)/atollic/truestudio for stm32 9.3.0/armtools/bin/../lib/gcc/arm-atollic-eabi/6.3.1/armv7e-m/fpu\libgcc.a(_arm_muldivdf3.o)
                0x08000600                __aeabi_dmul
                0x08000600                __muldf3
                0x08000854                __divdf3
                0x08000854                __aeabi_ddiv
 .text          0x08000a24      0x110 c:/program files (x86)/atollic/truestudio for stm32 9.3.0/armtools/bin/../lib/gcc/arm-atollic-eabi/6.3.1/armv7e-m/fpu\libgcc.a(_arm_cmpdf2.o)
                0x08000a24                __gtdf2
                0x08000a24                __gedf2
                0x08000a2c                __ltdf2
                0x08000a2c                __ledf2
                0x08000a34                __nedf2
                0x08000a34                __eqdf2
                0x08000a34                __cmpdf2
                0x08000ab0                __aeabi_cdrcmple
                0x08000ac0                __aeabi_cdcmpeq
                0x08000ac0                __aeabi_cdcmple
                0x08000ad0                __aeabi_dcmpeq
                0x08000ae4                __aeabi_dcmplt
                0x08000af8                __aeabi_dcmple
                0x08000b0c                __aeabi_dcmpge
                0x08000b20                __aeabi_dcmpgt
 .text          0x08000b34       0x40 c:/program files (x86)/atollic/truestudio for stm32 9.3.0/armtools/bin/../lib/gcc/arm-atollic-eabi/6.3.1/armv7e-m/fpu\libgcc.a(_arm_fixunsdfsi.o)
                0x08000b34                __aeabi_d2uiz
                0x08000b34                __fixunsdfsi
 .text          0x08000b74       0x30 c:/program files (x86)/atollic/truestudio for stm32 9.3.0/armtools/bin/../lib/gcc/arm-atollic-eabi/6.3.1/armv7e-m/fpu\libgcc.a(_aeabi_uldivmod.o)
                0x08000b74                __aeabi_uldivmod
 .text          0x08000ba4      0x2dc c:/program files (x86)/atollic/truestudio for stm32 9.3.0/armtools/bin/../lib/gcc/arm-atollic-eabi/6.3.1/armv7e-m/fpu\libgcc.a(_udivmoddi4.o)
                0x08000ba4                __udivmoddi4
 .text          0x08000e80        0x4 c:/program files (x86)/atollic/truestudio for stm32 9.3.0/armtools/bin/../lib/gcc/arm-atollic-eabi/6.3.1/armv7e-m/fpu\libgcc.a(_dvmd_tls.o)
                0x08000e80                __aeabi_idiv0
                0x08000e80                __aeabi_ldiv0
 *(.text*)
 .text.readByte
                0x08000e84       0x30 Core\Src\VL53L0X.o
 .text.readBytes
                0x08000eb4       0x4e Core\Src\VL53L0X.o
 .text.readWord
                0x08000f02       0x4c Core\Src\VL53L0X.o
 .text.writeByte
                0x08000f4e       0x34 Core\Src\VL53L0X.o
 .text.writeBytes
                0x08000f82       0x56 Core\Src\VL53L0X.o
 .text.writeWord
                0x08000fd8       0x46 Core\Src\VL53L0X.o
 .text.setup_VL53L0X
                0x0800101e       0x26 Core\Src\VL53L0X.o
                0x0800101e                setup_VL53L0X
 .text.init     0x08001044      0x5b8 Core\Src\VL53L0X.o
                0x08001044                init
 .text.writeReg
                0x080015fc       0x30 Core\Src\VL53L0X.o
                0x080015fc                writeReg
 .text.writeReg16Bit
                0x0800162c       0x30 Core\Src\VL53L0X.o
                0x0800162c                writeReg16Bit
 .text.readReg  0x0800165c       0x38 Core\Src\VL53L0X.o
                0x0800165c                readReg
 .text.readReg16Bit
                0x08001694       0x38 Core\Src\VL53L0X.o
                0x08001694                readReg16Bit
 *fill*         0x080016cc        0x4 
 .text.setSignalRateLimit
                0x080016d0       0x6c Core\Src\VL53L0X.o
                0x080016d0                setSignalRateLimit
 .text.setMeasurementTimingBudget
                0x0800173c      0x132 Core\Src\VL53L0X.o
                0x0800173c                setMeasurementTimingBudget
 .text.getMeasurementTimingBudget
                0x0800186e       0xce Core\Src\VL53L0X.o
                0x0800186e                getMeasurementTimingBudget
 .text.setVcselPulsePeriod
                0x0800193c      0x2f0 Core\Src\VL53L0X.o
                0x0800193c                setVcselPulsePeriod
 .text.getVcselPulsePeriod
                0x08001c2c       0x4a Core\Src\VL53L0X.o
                0x08001c2c                getVcselPulsePeriod
 .text.readRangeContinuousMillimeters
                0x08001c76       0x6c Core\Src\VL53L0X.o
                0x08001c76                readRangeContinuousMillimeters
 .text.readRangeSingleMillimeters
                0x08001ce2       0x9e Core\Src\VL53L0X.o
                0x08001ce2                readRangeSingleMillimeters
 .text.setTimeout
                0x08001d80       0x1e Core\Src\VL53L0X.o
                0x08001d80                setTimeout
 .text.timeoutOccurred
                0x08001d9e       0x22 Core\Src\VL53L0X.o
                0x08001d9e                timeoutOccurred
 .text.getSpadInfo
                0x08001dc0      0x140 Core\Src\VL53L0X.o
                0x08001dc0                getSpadInfo
 .text.getSequenceStepEnables
                0x08001f00       0x96 Core\Src\VL53L0X.o
                0x08001f00                getSequenceStepEnables
 .text.getSequenceStepTimeouts
                0x08001f96       0xd8 Core\Src\VL53L0X.o
                0x08001f96                getSequenceStepTimeouts
 .text.decodeTimeout
                0x0800206e       0x28 Core\Src\VL53L0X.o
                0x0800206e                decodeTimeout
 .text.encodeTimeout
                0x08002096       0x58 Core\Src\VL53L0X.o
                0x08002096                encodeTimeout
 *fill*         0x080020ee        0x2 
 .text.timeoutMclksToMicroseconds
                0x080020f0       0x3c Core\Src\VL53L0X.o
                0x080020f0                timeoutMclksToMicroseconds
 .text.timeoutMicrosecondsToMclks
                0x0800212c       0x34 Core\Src\VL53L0X.o
                0x0800212c                timeoutMicrosecondsToMclks
 .text.performSingleRefCalibration
                0x08002160       0x66 Core\Src\VL53L0X.o
                0x08002160                performSingleRefCalibration
 .text.startTimeout
                0x080021c6       0x1c Core\Src\VL53L0X.o
                0x080021c6                startTimeout
 .text.checkTimeoutExpired
                0x080021e2       0x32 Core\Src\VL53L0X.o
                0x080021e2                checkTimeoutExpired
 .text.decodeVcselPeriod
                0x08002214       0x20 Core\Src\VL53L0X.o
                0x08002214                decodeVcselPeriod
 .text.encodeVcselPeriod
                0x08002234       0x20 Core\Src\VL53L0X.o
                0x08002234                encodeVcselPeriod
 .text.calcMacroPeriod
                0x08002254       0x34 Core\Src\VL53L0X.o
                0x08002254                calcMacroPeriod
 .text.HX711_Init
                0x08002288       0x74 Core\Src\hx711.o
                0x08002288                HX711_Init
 .text.HX711_Average_Value
                0x080022fc       0x58 Core\Src\hx711.o
                0x080022fc                HX711_Average_Value
 .text.HX711_Value
                0x08002354       0x98 Core\Src\hx711.o
                0x08002354                HX711_Value
 .text.HX711_Tare
                0x080023ec       0x4a Core\Src\hx711.o
                0x080023ec                HX711_Tare
 *fill*         0x08002436        0x2 
 .text.PrintMessage
                0x08002438       0x2c Core\Src\main.o
                0x08002438                PrintMessage
 .text.PrintNumber
                0x08002464       0x30 Core\Src\main.o
                0x08002464                PrintNumber
 .text.PrintNewLine
                0x08002494       0x20 Core\Src\main.o
                0x08002494                PrintNewLine
 .text.getTime  0x080024b4       0x28 Core\Src\main.o
                0x080024b4                getTime
 .text.initLaserDistanceSensor
                0x080024dc       0x98 Core\Src\main.o
                0x080024dc                initLaserDistanceSensor
 .text.readLaserDistanceValue
                0x08002574       0x20 Core\Src\main.o
                0x08002574                readLaserDistanceValue
 .text.ultraSonicDisctanceRead
                0x08002594       0x40 Core\Src\main.o
                0x08002594                ultraSonicDisctanceRead
 .text.measureTemperatureAndHumidity
                0x080025d4       0x28 Core\Src\main.o
                0x080025d4                measureTemperatureAndHumidity
 .text.loadCellInit
                0x080025fc       0x7c Core\Src\main.o
                0x080025fc                loadCellInit
 .text.measureWeight
                0x08002678       0x40 Core\Src\main.o
                0x08002678                measureWeight
 .text.measureSoilMoisture
                0x080026b8       0x2c Core\Src\main.o
                0x080026b8                measureSoilMoisture
 .text.sendJSONData
                0x080026e4       0x80 Core\Src\main.o
                0x080026e4                sendJSONData
 .text.measureAllData
                0x08002764       0xb8 Core\Src\main.o
                0x08002764                measureAllData
 .text.readMulti
                0x0800281c       0x70 Core\Src\main.o
                0x0800281c                readMulti
 .text.writeMulti
                0x0800288c       0x54 Core\Src\main.o
                0x0800288c                writeMulti
 .text.main     0x080028e0       0xe0 Core\Src\main.o
                0x080028e0                main
 .text.SystemClock_Config
                0x080029c0      0x11c Core\Src\main.o
                0x080029c0                SystemClock_Config
 .text.MX_ADC1_Init
                0x08002adc       0xc8 Core\Src\main.o
 .text.MX_I2C1_Init
                0x08002ba4       0x80 Core\Src\main.o
 .text.MX_RTC_Init
                0x08002c24       0x50 Core\Src\main.o
 .text.MX_TIM1_Init
                0x08002c74       0xb4 Core\Src\main.o
 .text.MX_TIM6_Init
                0x08002d28       0x6c Core\Src\main.o
 .text.MX_USART1_UART_Init
                0x08002d94       0x60 Core\Src\main.o
 .text.MX_USART2_UART_Init
                0x08002df4       0x60 Core\Src\main.o
 .text.MX_GPIO_Init
                0x08002e54       0xf0 Core\Src\main.o
 .text._Error_Handler
                0x08002f44       0x16 Core\Src\main.o
                0x08002f44                _Error_Handler
 *fill*         0x08002f5a        0x6 
 .text.HAL_TIM_IC_CaptureCallback
                0x08002f60      0x13c Core\Src\main.o
                0x08002f60                HAL_TIM_IC_CaptureCallback
 .text.HAL_UART_RxCpltCallback
                0x0800309c       0x48 Core\Src\main.o
                0x0800309c                HAL_UART_RxCpltCallback
 .text.Error_Handler
                0x080030e4        0x8 Core\Src\main.o
                0x080030e4                Error_Handler
 .text.init_dht11
                0x080030ec       0x2c Core\Src\mk_dht11.o
                0x080030ec                init_dht11
 .text.set_dht11_gpio_mode
                0x08003118       0x76 Core\Src\mk_dht11.o
                0x08003118                set_dht11_gpio_mode
 .text.readDHT11
                0x0800318e      0x2e0 Core\Src\mk_dht11.o
                0x0800318e                readDHT11
 *fill*         0x0800346e        0x2 
 .text.HAL_MspInit
                0x08003470       0x48 Core\Src\stm32l4xx_hal_msp.o
                0x08003470                HAL_MspInit
 .text.HAL_ADC_MspInit
                0x080034b8       0x80 Core\Src\stm32l4xx_hal_msp.o
                0x080034b8                HAL_ADC_MspInit
 .text.HAL_I2C_MspInit
                0x08003538       0x88 Core\Src\stm32l4xx_hal_msp.o
                0x08003538                HAL_I2C_MspInit
 .text.HAL_RTC_MspInit
                0x080035c0       0x38 Core\Src\stm32l4xx_hal_msp.o
                0x080035c0                HAL_RTC_MspInit
 .text.HAL_TIM_IC_MspInit
                0x080035f8       0x98 Core\Src\stm32l4xx_hal_msp.o
                0x080035f8                HAL_TIM_IC_MspInit
 .text.HAL_TIM_Base_MspInit
                0x08003690       0x40 Core\Src\stm32l4xx_hal_msp.o
                0x08003690                HAL_TIM_Base_MspInit
 .text.HAL_UART_MspInit
                0x080036d0      0x158 Core\Src\stm32l4xx_hal_msp.o
                0x080036d0                HAL_UART_MspInit
 .text.NMI_Handler
                0x08003828        0x6 Core\Src\stm32l4xx_it.o
                0x08003828                NMI_Handler
 .text.HardFault_Handler
                0x0800382e        0x6 Core\Src\stm32l4xx_it.o
                0x0800382e                HardFault_Handler
 .text.MemManage_Handler
                0x08003834        0x6 Core\Src\stm32l4xx_it.o
                0x08003834                MemManage_Handler
 .text.BusFault_Handler
                0x0800383a        0x6 Core\Src\stm32l4xx_it.o
                0x0800383a                BusFault_Handler
 .text.UsageFault_Handler
                0x08003840        0x6 Core\Src\stm32l4xx_it.o
                0x08003840                UsageFault_Handler
 .text.SVC_Handler
                0x08003846        0xe Core\Src\stm32l4xx_it.o
                0x08003846                SVC_Handler
 .text.DebugMon_Handler
                0x08003854        0xe Core\Src\stm32l4xx_it.o
                0x08003854                DebugMon_Handler
 .text.PendSV_Handler
                0x08003862        0xe Core\Src\stm32l4xx_it.o
                0x08003862                PendSV_Handler
 .text.SysTick_Handler
                0x08003870        0xc Core\Src\stm32l4xx_it.o
                0x08003870                SysTick_Handler
 .text.TIM1_CC_IRQHandler
                0x0800387c       0x14 Core\Src\stm32l4xx_it.o
                0x0800387c                TIM1_CC_IRQHandler
 .text.USART1_IRQHandler
                0x08003890       0x14 Core\Src\stm32l4xx_it.o
                0x08003890                USART1_IRQHandler
 .text._sbrk    0x080038a4       0x58 Core\Src\syscalls.o
                0x080038a4                _sbrk
 .text.SystemInit
                0x080038fc       0x64 Core\Src\system_stm32l4xx.o
                0x080038fc                SystemInit
 .text.HAL_Init
                0x08003960       0x40 Drivers\STM32L4xx_HAL_Driver\Src\stm32l4xx_hal.o
                0x08003960                HAL_Init
 .text.HAL_InitTick
                0x080039a0       0x78 Drivers\STM32L4xx_HAL_Driver\Src\stm32l4xx_hal.o
                0x080039a0                HAL_InitTick
 .text.HAL_IncTick
                0x08003a18       0x28 Drivers\STM32L4xx_HAL_Driver\Src\stm32l4xx_hal.o
                0x08003a18                HAL_IncTick
 .text.HAL_GetTick
                0x08003a40       0x18 Drivers\STM32L4xx_HAL_Driver\Src\stm32l4xx_hal.o
                0x08003a40                HAL_GetTick
 .text.HAL_Delay
                0x08003a58       0x44 Drivers\STM32L4xx_HAL_Driver\Src\stm32l4xx_hal.o
                0x08003a58                HAL_Delay
 .text.LL_ADC_SetCommonClock
                0x08003a9c       0x26 Drivers\STM32L4xx_HAL_Driver\Src\stm32l4xx_hal_adc.o
 .text.LL_ADC_SetCommonPathInternalCh
                0x08003ac2       0x26 Drivers\STM32L4xx_HAL_Driver\Src\stm32l4xx_hal_adc.o
 .text.LL_ADC_GetCommonPathInternalCh
                0x08003ae8       0x1c Drivers\STM32L4xx_HAL_Driver\Src\stm32l4xx_hal_adc.o
 .text.LL_ADC_SetOffset
                0x08003b04       0x48 Drivers\STM32L4xx_HAL_Driver\Src\stm32l4xx_hal_adc.o
 .text.LL_ADC_GetOffsetChannel
                0x08003b4c       0x2c Drivers\STM32L4xx_HAL_Driver\Src\stm32l4xx_hal_adc.o
 .text.LL_ADC_SetOffsetState
                0x08003b78       0x36 Drivers\STM32L4xx_HAL_Driver\Src\stm32l4xx_hal_adc.o
 .text.LL_ADC_SetSamplingTimeCommonConfig
                0x08003bae       0x26 Drivers\STM32L4xx_HAL_Driver\Src\stm32l4xx_hal_adc.o
 .text.LL_ADC_REG_SetSequencerRanks
                0x08003bd4       0x58 Drivers\STM32L4xx_HAL_Driver\Src\stm32l4xx_hal_adc.o
 .text.LL_ADC_SetChannelSamplingTime
                0x08003c2c       0x56 Drivers\STM32L4xx_HAL_Driver\Src\stm32l4xx_hal_adc.o
 *fill*         0x08003c82        0x2 
 .text.LL_ADC_SetChannelSingleDiff
                0x08003c84       0x48 Drivers\STM32L4xx_HAL_Driver\Src\stm32l4xx_hal_adc.o
 .text.LL_ADC_DisableDeepPowerDown
                0x08003ccc       0x24 Drivers\STM32L4xx_HAL_Driver\Src\stm32l4xx_hal_adc.o
 .text.LL_ADC_IsDeepPowerDownEnabled
                0x08003cf0       0x28 Drivers\STM32L4xx_HAL_Driver\Src\stm32l4xx_hal_adc.o
 .text.LL_ADC_EnableInternalRegulator
                0x08003d18       0x28 Drivers\STM32L4xx_HAL_Driver\Src\stm32l4xx_hal_adc.o
 .text.LL_ADC_IsInternalRegulatorEnabled
                0x08003d40       0x28 Drivers\STM32L4xx_HAL_Driver\Src\stm32l4xx_hal_adc.o
 .text.LL_ADC_Enable
                0x08003d68       0x28 Drivers\STM32L4xx_HAL_Driver\Src\stm32l4xx_hal_adc.o
 .text.LL_ADC_Disable
                0x08003d90       0x28 Drivers\STM32L4xx_HAL_Driver\Src\stm32l4xx_hal_adc.o
 .text.LL_ADC_IsEnabled
                0x08003db8       0x26 Drivers\STM32L4xx_HAL_Driver\Src\stm32l4xx_hal_adc.o
 .text.LL_ADC_IsDisableOngoing
                0x08003dde       0x26 Drivers\STM32L4xx_HAL_Driver\Src\stm32l4xx_hal_adc.o
 .text.LL_ADC_REG_StartConversion
                0x08003e04       0x28 Drivers\STM32L4xx_HAL_Driver\Src\stm32l4xx_hal_adc.o
 .text.LL_ADC_REG_StopConversion
                0x08003e2c       0x28 Drivers\STM32L4xx_HAL_Driver\Src\stm32l4xx_hal_adc.o
 .text.LL_ADC_REG_IsConversionOngoing
                0x08003e54       0x26 Drivers\STM32L4xx_HAL_Driver\Src\stm32l4xx_hal_adc.o
 .text.LL_ADC_INJ_StopConversion
                0x08003e7a       0x28 Drivers\STM32L4xx_HAL_Driver\Src\stm32l4xx_hal_adc.o
 .text.LL_ADC_INJ_IsConversionOngoing
                0x08003ea2       0x26 Drivers\STM32L4xx_HAL_Driver\Src\stm32l4xx_hal_adc.o
 .text.HAL_ADC_Init
                0x08003ec8      0x298 Drivers\STM32L4xx_HAL_Driver\Src\stm32l4xx_hal_adc.o
                0x08003ec8                HAL_ADC_Init
 .text.HAL_ADC_Start
                0x08004160       0xc6 Drivers\STM32L4xx_HAL_Driver\Src\stm32l4xx_hal_adc.o
                0x08004160                HAL_ADC_Start
 .text.HAL_ADC_Stop
                0x08004226       0x66 Drivers\STM32L4xx_HAL_Driver\Src\stm32l4xx_hal_adc.o
                0x08004226                HAL_ADC_Stop
 .text.HAL_ADC_GetValue
                0x0800428c       0x1a Drivers\STM32L4xx_HAL_Driver\Src\stm32l4xx_hal_adc.o
                0x0800428c                HAL_ADC_GetValue
 *fill*         0x080042a6        0x2 
 .text.HAL_ADC_ConfigChannel
                0x080042a8      0x7f4 Drivers\STM32L4xx_HAL_Driver\Src\stm32l4xx_hal_adc.o
                0x080042a8                HAL_ADC_ConfigChannel
 .text.ADC_ConversionStop
                0x08004a9c      0x174 Drivers\STM32L4xx_HAL_Driver\Src\stm32l4xx_hal_adc.o
                0x08004a9c                ADC_ConversionStop
 .text.ADC_Enable
                0x08004c10       0xc4 Drivers\STM32L4xx_HAL_Driver\Src\stm32l4xx_hal_adc.o
                0x08004c10                ADC_Enable
 .text.ADC_Disable
                0x08004cd4       0xbe Drivers\STM32L4xx_HAL_Driver\Src\stm32l4xx_hal_adc.o
                0x08004cd4                ADC_Disable
 *fill*         0x08004d92        0x2 
 .text.__NVIC_SetPriorityGrouping
                0x08004d94       0x48 Drivers\STM32L4xx_HAL_Driver\Src\stm32l4xx_hal_cortex.o
 .text.__NVIC_GetPriorityGrouping
                0x08004ddc       0x1c Drivers\STM32L4xx_HAL_Driver\Src\stm32l4xx_hal_cortex.o
 .text.__NVIC_EnableIRQ
                0x08004df8       0x3c Drivers\STM32L4xx_HAL_Driver\Src\stm32l4xx_hal_cortex.o
 .text.__NVIC_SetPriority
                0x08004e34       0x54 Drivers\STM32L4xx_HAL_Driver\Src\stm32l4xx_hal_cortex.o
 .text.NVIC_EncodePriority
                0x08004e88       0x62 Drivers\STM32L4xx_HAL_Driver\Src\stm32l4xx_hal_cortex.o
 *fill*         0x08004eea        0x2 
 .text.SysTick_Config
                0x08004eec       0x44 Drivers\STM32L4xx_HAL_Driver\Src\stm32l4xx_hal_cortex.o
 .text.HAL_NVIC_SetPriorityGrouping
                0x08004f30       0x16 Drivers\STM32L4xx_HAL_Driver\Src\stm32l4xx_hal_cortex.o
                0x08004f30                HAL_NVIC_SetPriorityGrouping
 .text.HAL_NVIC_SetPriority
                0x08004f46       0x38 Drivers\STM32L4xx_HAL_Driver\Src\stm32l4xx_hal_cortex.o
                0x08004f46                HAL_NVIC_SetPriority
 .text.HAL_NVIC_EnableIRQ
                0x08004f7e       0x1c Drivers\STM32L4xx_HAL_Driver\Src\stm32l4xx_hal_cortex.o
                0x08004f7e                HAL_NVIC_EnableIRQ
 .text.HAL_SYSTICK_Config
                0x08004f9a       0x18 Drivers\STM32L4xx_HAL_Driver\Src\stm32l4xx_hal_cortex.o
                0x08004f9a                HAL_SYSTICK_Config
 .text.HAL_DMA_Abort
                0x08004fb2       0x7c Drivers\STM32L4xx_HAL_Driver\Src\stm32l4xx_hal_dma.o
                0x08004fb2                HAL_DMA_Abort
 .text.HAL_DMA_Abort_IT
                0x0800502e       0x82 Drivers\STM32L4xx_HAL_Driver\Src\stm32l4xx_hal_dma.o
                0x0800502e                HAL_DMA_Abort_IT
 .text.HAL_GPIO_Init
                0x080050b0      0x2f4 Drivers\STM32L4xx_HAL_Driver\Src\stm32l4xx_hal_gpio.o
                0x080050b0                HAL_GPIO_Init
 .text.HAL_GPIO_ReadPin
                0x080053a4       0x30 Drivers\STM32L4xx_HAL_Driver\Src\stm32l4xx_hal_gpio.o
                0x080053a4                HAL_GPIO_ReadPin
 .text.HAL_GPIO_WritePin
                0x080053d4       0x30 Drivers\STM32L4xx_HAL_Driver\Src\stm32l4xx_hal_gpio.o
                0x080053d4                HAL_GPIO_WritePin
 .text.HAL_I2C_Init
                0x08005404      0x11c Drivers\STM32L4xx_HAL_Driver\Src\stm32l4xx_hal_i2c.o
                0x08005404                HAL_I2C_Init
 .text.HAL_I2C_Master_Transmit
                0x08005520      0x1e8 Drivers\STM32L4xx_HAL_Driver\Src\stm32l4xx_hal_i2c.o
                0x08005520                HAL_I2C_Master_Transmit
 .text.HAL_I2C_Master_Receive
                0x08005708      0x1ec Drivers\STM32L4xx_HAL_Driver\Src\stm32l4xx_hal_i2c.o
                0x08005708                HAL_I2C_Master_Receive
 .text.HAL_I2C_Mem_Write
                0x080058f4      0x228 Drivers\STM32L4xx_HAL_Driver\Src\stm32l4xx_hal_i2c.o
                0x080058f4                HAL_I2C_Mem_Write
 .text.HAL_I2C_Mem_Read
                0x08005b1c      0x234 Drivers\STM32L4xx_HAL_Driver\Src\stm32l4xx_hal_i2c.o
                0x08005b1c                HAL_I2C_Mem_Read
 .text.I2C_RequestMemoryWrite
                0x08005d50       0xa8 Drivers\STM32L4xx_HAL_Driver\Src\stm32l4xx_hal_i2c.o
 .text.I2C_RequestMemoryRead
                0x08005df8       0xa8 Drivers\STM32L4xx_HAL_Driver\Src\stm32l4xx_hal_i2c.o
 .text.I2C_Flush_TXDR
                0x08005ea0       0x48 Drivers\STM32L4xx_HAL_Driver\Src\stm32l4xx_hal_i2c.o
 .text.I2C_WaitOnFlagUntilTimeout
                0x08005ee8       0x80 Drivers\STM32L4xx_HAL_Driver\Src\stm32l4xx_hal_i2c.o
 .text.I2C_WaitOnTXISFlagUntilTimeout
                0x08005f68       0x80 Drivers\STM32L4xx_HAL_Driver\Src\stm32l4xx_hal_i2c.o
 .text.I2C_WaitOnSTOPFlagUntilTimeout
                0x08005fe8       0x78 Drivers\STM32L4xx_HAL_Driver\Src\stm32l4xx_hal_i2c.o
 .text.I2C_WaitOnRXNEFlagUntilTimeout
                0x08006060       0xd8 Drivers\STM32L4xx_HAL_Driver\Src\stm32l4xx_hal_i2c.o
 .text.I2C_IsAcknowledgeFailed
                0x08006138       0xcc Drivers\STM32L4xx_HAL_Driver\Src\stm32l4xx_hal_i2c.o
 .text.I2C_TransferConfig
                0x08006204       0x58 Drivers\STM32L4xx_HAL_Driver\Src\stm32l4xx_hal_i2c.o
 .text.HAL_I2CEx_ConfigAnalogFilter
                0x0800625c       0x96 Drivers\STM32L4xx_HAL_Driver\Src\stm32l4xx_hal_i2c_ex.o
                0x0800625c                HAL_I2CEx_ConfigAnalogFilter
 .text.HAL_I2CEx_ConfigDigitalFilter
                0x080062f2       0x98 Drivers\STM32L4xx_HAL_Driver\Src\stm32l4xx_hal_i2c_ex.o
                0x080062f2                HAL_I2CEx_ConfigDigitalFilter
 *fill*         0x0800638a        0x2 
 .text.HAL_PWREx_GetVoltageRange
                0x0800638c       0x1c Drivers\STM32L4xx_HAL_Driver\Src\stm32l4xx_hal_pwr_ex.o
                0x0800638c                HAL_PWREx_GetVoltageRange
 .text.HAL_PWREx_ControlVoltageScaling
                0x080063a8       0xac Drivers\STM32L4xx_HAL_Driver\Src\stm32l4xx_hal_pwr_ex.o
                0x080063a8                HAL_PWREx_ControlVoltageScaling
 .text.HAL_RCC_OscConfig
                0x08006454      0x840 Drivers\STM32L4xx_HAL_Driver\Src\stm32l4xx_hal_rcc.o
                0x08006454                HAL_RCC_OscConfig
 .text.HAL_RCC_ClockConfig
                0x08006c94      0x1c4 Drivers\STM32L4xx_HAL_Driver\Src\stm32l4xx_hal_rcc.o
                0x08006c94                HAL_RCC_ClockConfig
 .text.HAL_RCC_GetSysClockFreq
                0x08006e58      0x114 Drivers\STM32L4xx_HAL_Driver\Src\stm32l4xx_hal_rcc.o
                0x08006e58                HAL_RCC_GetSysClockFreq
 .text.HAL_RCC_GetHCLKFreq
                0x08006f6c       0x18 Drivers\STM32L4xx_HAL_Driver\Src\stm32l4xx_hal_rcc.o
                0x08006f6c                HAL_RCC_GetHCLKFreq
 .text.HAL_RCC_GetPCLK1Freq
                0x08006f84       0x2c Drivers\STM32L4xx_HAL_Driver\Src\stm32l4xx_hal_rcc.o
                0x08006f84                HAL_RCC_GetPCLK1Freq
 .text.HAL_RCC_GetPCLK2Freq
                0x08006fb0       0x2c Drivers\STM32L4xx_HAL_Driver\Src\stm32l4xx_hal_rcc.o
                0x08006fb0                HAL_RCC_GetPCLK2Freq
 .text.RCC_SetFlashLatencyFromMSIRange
                0x08006fdc       0xc0 Drivers\STM32L4xx_HAL_Driver\Src\stm32l4xx_hal_rcc.o
 .text.HAL_RCCEx_PeriphCLKConfig
                0x0800709c      0x4d4 Drivers\STM32L4xx_HAL_Driver\Src\stm32l4xx_hal_rcc_ex.o
                0x0800709c                HAL_RCCEx_PeriphCLKConfig
 .text.RCCEx_PLLSAI1_Config
                0x08007570      0x1e0 Drivers\STM32L4xx_HAL_Driver\Src\stm32l4xx_hal_rcc_ex.o
 .text.HAL_RTC_Init
                0x08007750       0xf6 Drivers\STM32L4xx_HAL_Driver\Src\stm32l4xx_hal_rtc.o
                0x08007750                HAL_RTC_Init
 .text.HAL_RTC_GetTime
                0x08007846       0xb8 Drivers\STM32L4xx_HAL_Driver\Src\stm32l4xx_hal_rtc.o
                0x08007846                HAL_RTC_GetTime
 .text.HAL_RTC_GetDate
                0x080078fe       0x9a Drivers\STM32L4xx_HAL_Driver\Src\stm32l4xx_hal_rtc.o
                0x080078fe                HAL_RTC_GetDate
 .text.HAL_RTC_WaitForSynchro
                0x08007998       0x4c Drivers\STM32L4xx_HAL_Driver\Src\stm32l4xx_hal_rtc.o
                0x08007998                HAL_RTC_WaitForSynchro
 .text.RTC_EnterInitMode
                0x080079e4       0x66 Drivers\STM32L4xx_HAL_Driver\Src\stm32l4xx_hal_rtc.o
                0x080079e4                RTC_EnterInitMode
 *fill*         0x08007a4a        0x2 
 .text.RTC_ExitInitMode
                0x08007a4c       0x7c Drivers\STM32L4xx_HAL_Driver\Src\stm32l4xx_hal_rtc.o
                0x08007a4c                RTC_ExitInitMode
 .text.RTC_Bcd2ToByte
                0x08007ac8       0x34 Drivers\STM32L4xx_HAL_Driver\Src\stm32l4xx_hal_rtc.o
                0x08007ac8                RTC_Bcd2ToByte
 .text.HAL_TIM_Base_Init
                0x08007afc       0xae Drivers\STM32L4xx_HAL_Driver\Src\stm32l4xx_hal_tim.o
                0x08007afc                HAL_TIM_Base_Init
 *fill*         0x08007baa        0x2 
 .text.HAL_TIM_Base_Start
                0x08007bac       0xa8 Drivers\STM32L4xx_HAL_Driver\Src\stm32l4xx_hal_tim.o
                0x08007bac                HAL_TIM_Base_Start
 .text.HAL_TIM_Base_Stop
                0x08007c54       0x4e Drivers\STM32L4xx_HAL_Driver\Src\stm32l4xx_hal_tim.o
                0x08007c54                HAL_TIM_Base_Stop
 .text.HAL_TIM_IC_Init
                0x08007ca2       0xae Drivers\STM32L4xx_HAL_Driver\Src\stm32l4xx_hal_tim.o
                0x08007ca2                HAL_TIM_IC_Init
 .text.HAL_TIM_IC_Start_IT
                0x08007d50      0x25c Drivers\STM32L4xx_HAL_Driver\Src\stm32l4xx_hal_tim.o
                0x08007d50                HAL_TIM_IC_Start_IT
 .text.HAL_TIM_IRQHandler
                0x08007fac      0x23e Drivers\STM32L4xx_HAL_Driver\Src\stm32l4xx_hal_tim.o
                0x08007fac                HAL_TIM_IRQHandler
 .text.HAL_TIM_IC_ConfigChannel
                0x080081ea      0x128 Drivers\STM32L4xx_HAL_Driver\Src\stm32l4xx_hal_tim.o
                0x080081ea                HAL_TIM_IC_ConfigChannel
 *fill*         0x08008312        0x2 
 .text.HAL_TIM_ReadCapturedValue
                0x08008314       0x88 Drivers\STM32L4xx_HAL_Driver\Src\stm32l4xx_hal_tim.o
                0x08008314                HAL_TIM_ReadCapturedValue
 .text.HAL_TIM_PeriodElapsedCallback
                0x0800839c       0x14 Drivers\STM32L4xx_HAL_Driver\Src\stm32l4xx_hal_tim.o
                0x0800839c                HAL_TIM_PeriodElapsedCallback
 .text.HAL_TIM_OC_DelayElapsedCallback
                0x080083b0       0x14 Drivers\STM32L4xx_HAL_Driver\Src\stm32l4xx_hal_tim.o
                0x080083b0                HAL_TIM_OC_DelayElapsedCallback
 .text.HAL_TIM_PWM_PulseFinishedCallback
                0x080083c4       0x14 Drivers\STM32L4xx_HAL_Driver\Src\stm32l4xx_hal_tim.o
                0x080083c4                HAL_TIM_PWM_PulseFinishedCallback
 .text.HAL_TIM_TriggerCallback
                0x080083d8       0x14 Drivers\STM32L4xx_HAL_Driver\Src\stm32l4xx_hal_tim.o
                0x080083d8                HAL_TIM_TriggerCallback
 .text.TIM_Base_SetConfig
                0x080083ec       0xdc Drivers\STM32L4xx_HAL_Driver\Src\stm32l4xx_hal_tim.o
                0x080083ec                TIM_Base_SetConfig
 .text.TIM_TI1_SetConfig
                0x080084c8       0xb8 Drivers\STM32L4xx_HAL_Driver\Src\stm32l4xx_hal_tim.o
                0x080084c8                TIM_TI1_SetConfig
 .text.TIM_TI2_SetConfig
                0x08008580       0x7a Drivers\STM32L4xx_HAL_Driver\Src\stm32l4xx_hal_tim.o
 .text.TIM_TI3_SetConfig
                0x080085fa       0x78 Drivers\STM32L4xx_HAL_Driver\Src\stm32l4xx_hal_tim.o
 .text.TIM_TI4_SetConfig
                0x08008672       0x7a Drivers\STM32L4xx_HAL_Driver\Src\stm32l4xx_hal_tim.o
 .text.TIM_CCxChannelCmd
                0x080086ec       0x4a Drivers\STM32L4xx_HAL_Driver\Src\stm32l4xx_hal_tim.o
                0x080086ec                TIM_CCxChannelCmd
 *fill*         0x08008736        0x2 
 .text.HAL_TIMEx_MasterConfigSynchronization
                0x08008738       0xdc Drivers\STM32L4xx_HAL_Driver\Src\stm32l4xx_hal_tim_ex.o
                0x08008738                HAL_TIMEx_MasterConfigSynchronization
 .text.HAL_TIMEx_CommutCallback
                0x08008814       0x14 Drivers\STM32L4xx_HAL_Driver\Src\stm32l4xx_hal_tim_ex.o
                0x08008814                HAL_TIMEx_CommutCallback
 .text.HAL_TIMEx_BreakCallback
                0x08008828       0x14 Drivers\STM32L4xx_HAL_Driver\Src\stm32l4xx_hal_tim_ex.o
                0x08008828                HAL_TIMEx_BreakCallback
 .text.HAL_TIMEx_Break2Callback
                0x0800883c       0x14 Drivers\STM32L4xx_HAL_Driver\Src\stm32l4xx_hal_tim_ex.o
                0x0800883c                HAL_TIMEx_Break2Callback
 .text.HAL_UART_Init
                0x08008850       0x9c Drivers\STM32L4xx_HAL_Driver\Src\stm32l4xx_hal_uart.o
                0x08008850                HAL_UART_Init
 .text.HAL_UART_Transmit
                0x080088ec      0x128 Drivers\STM32L4xx_HAL_Driver\Src\stm32l4xx_hal_uart.o
                0x080088ec                HAL_UART_Transmit
 .text.HAL_UART_Receive_IT
                0x08008a14       0x88 Drivers\STM32L4xx_HAL_Driver\Src\stm32l4xx_hal_uart.o
                0x08008a14                HAL_UART_Receive_IT
 .text.HAL_UART_IRQHandler
                0x08008a9c      0x404 Drivers\STM32L4xx_HAL_Driver\Src\stm32l4xx_hal_uart.o
                0x08008a9c                HAL_UART_IRQHandler
 .text.HAL_UART_TxCpltCallback
                0x08008ea0       0x14 Drivers\STM32L4xx_HAL_Driver\Src\stm32l4xx_hal_uart.o
                0x08008ea0                HAL_UART_TxCpltCallback
 .text.HAL_UART_ErrorCallback
                0x08008eb4       0x14 Drivers\STM32L4xx_HAL_Driver\Src\stm32l4xx_hal_uart.o
                0x08008eb4                HAL_UART_ErrorCallback
 .text.HAL_UARTEx_RxEventCallback
                0x08008ec8       0x18 Drivers\STM32L4xx_HAL_Driver\Src\stm32l4xx_hal_uart.o
                0x08008ec8                HAL_UARTEx_RxEventCallback
 .text.UART_SetConfig
                0x08008ee0      0x4b0 Drivers\STM32L4xx_HAL_Driver\Src\stm32l4xx_hal_uart.o
                0x08008ee0                UART_SetConfig
 .text.UART_AdvFeatureConfig
                0x08009390      0x144 Drivers\STM32L4xx_HAL_Driver\Src\stm32l4xx_hal_uart.o
                0x08009390                UART_AdvFeatureConfig
 .text.UART_CheckIdleState
                0x080094d4       0x92 Drivers\STM32L4xx_HAL_Driver\Src\stm32l4xx_hal_uart.o
                0x080094d4                UART_CheckIdleState
 .text.UART_WaitOnFlagUntilTimeout
                0x08009566       0xf8 Drivers\STM32L4xx_HAL_Driver\Src\stm32l4xx_hal_uart.o
                0x08009566                UART_WaitOnFlagUntilTimeout
 *fill*         0x0800965e        0x2 
 .text.UART_Start_Receive_IT
                0x08009660      0x110 Drivers\STM32L4xx_HAL_Driver\Src\stm32l4xx_hal_uart.o
                0x08009660                UART_Start_Receive_IT
 .text.UART_EndRxTransfer
                0x08009770       0x5e Drivers\STM32L4xx_HAL_Driver\Src\stm32l4xx_hal_uart.o
 .text.UART_DMAAbortOnError
                0x080097ce       0x2c Drivers\STM32L4xx_HAL_Driver\Src\stm32l4xx_hal_uart.o
 .text.UART_EndTransmit_IT
                0x080097fa       0x32 Drivers\STM32L4xx_HAL_Driver\Src\stm32l4xx_hal_uart.o
 .text.UART_RxISR_8BIT
                0x0800982c       0xd8 Drivers\STM32L4xx_HAL_Driver\Src\stm32l4xx_hal_uart.o
 .text.UART_RxISR_16BIT
                0x08009904       0xd8 Drivers\STM32L4xx_HAL_Driver\Src\stm32l4xx_hal_uart.o
 .text.HAL_UARTEx_WakeupCallback
                0x080099dc       0x14 Drivers\STM32L4xx_HAL_Driver\Src\stm32l4xx_hal_uart_ex.o
                0x080099dc                HAL_UARTEx_WakeupCallback
 .text.Reset_Handler
                0x080099f0       0x50 startup\startup_stm32l452xx.o
                0x080099f0                Reset_Handler
 .text.Default_Handler
                0x08009a40        0x2 startup\startup_stm32l452xx.o
                0x08009a40                RTC_Alarm_IRQHandler
                0x08009a40                EXTI2_IRQHandler
                0x08009a40                TSC_IRQHandler
                0x08009a40                TAMP_STAMP_IRQHandler
                0x08009a40                EXTI3_IRQHandler
                0x08009a40                LPTIM2_IRQHandler
                0x08009a40                DFSDM1_FLT1_IRQHandler
                0x08009a40                I2C3_ER_IRQHandler
                0x08009a40                EXTI0_IRQHandler
                0x08009a40                I2C2_EV_IRQHandler
                0x08009a40                CAN1_RX0_IRQHandler
                0x08009a40                FPU_IRQHandler
                0x08009a40                TIM1_UP_TIM16_IRQHandler
                0x08009a40                SPI1_IRQHandler
                0x08009a40                TIM6_DAC_IRQHandler
                0x08009a40                DMA2_Channel2_IRQHandler
                0x08009a40                DMA1_Channel4_IRQHandler
                0x08009a40                ADC1_IRQHandler
                0x08009a40                USART3_IRQHandler
                0x08009a40                DMA1_Channel7_IRQHandler
                0x08009a40                CAN1_RX1_IRQHandler
                0x08009a40                DMA2_Channel1_IRQHandler
                0x08009a40                QUADSPI_IRQHandler
                0x08009a40                I2C1_EV_IRQHandler
                0x08009a40                DMA1_Channel6_IRQHandler
                0x08009a40                UART4_IRQHandler
                0x08009a40                DMA2_Channel4_IRQHandler
                0x08009a40                TIM3_IRQHandler
                0x08009a40                RCC_IRQHandler
                0x08009a40                TIM1_TRG_COM_IRQHandler
                0x08009a40                DMA1_Channel1_IRQHandler
                0x08009a40                Default_Handler
                0x08009a40                DMA2_Channel7_IRQHandler
                0x08009a40                EXTI15_10_IRQHandler
                0x08009a40                SDMMC1_IRQHandler
                0x08009a40                I2C3_EV_IRQHandler
                0x08009a40                USB_IRQHandler
                0x08009a40                EXTI9_5_IRQHandler
                0x08009a40                RTC_WKUP_IRQHandler
                0x08009a40                PVD_PVM_IRQHandler
                0x08009a40                SPI2_IRQHandler
                0x08009a40                CAN1_TX_IRQHandler
                0x08009a40                DMA2_Channel5_IRQHandler
                0x08009a40                CRS_IRQHandler
                0x08009a40                DMA1_Channel5_IRQHandler
                0x08009a40                EXTI4_IRQHandler
                0x08009a40                RNG_IRQHandler
                0x08009a40                DMA1_Channel3_IRQHandler
                0x08009a40                COMP_IRQHandler
                0x08009a40                WWDG_IRQHandler
                0x08009a40                I2C4_EV_IRQHandler
                0x08009a40                LPUART1_IRQHandler
                0x08009a40                DMA2_Channel6_IRQHandler
                0x08009a40                TIM2_IRQHandler
                0x08009a40                EXTI1_IRQHandler
                0x08009a40                USART2_IRQHandler
                0x08009a40                DFSDM1_FLT0_IRQHandler
                0x08009a40                I2C2_ER_IRQHandler
                0x08009a40                DMA1_Channel2_IRQHandler
                0x08009a40                CAN1_SCE_IRQHandler
                0x08009a40                FLASH_IRQHandler
                0x08009a40                SPI3_IRQHandler
                0x08009a40                I2C1_ER_IRQHandler
                0x08009a40                LPTIM1_IRQHandler
                0x08009a40                I2C4_ER_IRQHandler
                0x08009a40                SAI1_IRQHandler
                0x08009a40                DMA2_Channel3_IRQHandler
                0x08009a40                TIM1_BRK_TIM15_IRQHandler
 *fill*         0x08009a42        0x2 
 .text.__errno  0x08009a44        0xc c:/program files (x86)/atollic/truestudio for stm32 9.3.0/armtools/bin/../lib/gcc/arm-atollic-eabi/6.3.1/../../../../arm-atollic-eabi/lib/armv7e-m/fpu\libc_nano.a(lib_a-errno.o)
                0x08009a44                __errno
 .text.__libc_init_array
                0x08009a50       0x48 c:/program files (x86)/atollic/truestudio for stm32 9.3.0/armtools/bin/../lib/gcc/arm-atollic-eabi/6.3.1/../../../../arm-atollic-eabi/lib/armv7e-m/fpu\libc_nano.a(lib_a-init.o)
                0x08009a50                __libc_init_array
 .text.memset   0x08009a98       0x10 c:/program files (x86)/atollic/truestudio for stm32 9.3.0/armtools/bin/../lib/gcc/arm-atollic-eabi/6.3.1/../../../../arm-atollic-eabi/lib/armv7e-m/fpu\libc_nano.a(lib_a-memset.o)
                0x08009a98                memset
 .text.sprintf  0x08009aa8       0x48 c:/program files (x86)/atollic/truestudio for stm32 9.3.0/armtools/bin/../lib/gcc/arm-atollic-eabi/6.3.1/../../../../arm-atollic-eabi/lib/armv7e-m/fpu\libc_nano.a(lib_a-sprintf.o)
                0x08009aa8                siprintf
                0x08009aa8                sprintf
 .text.sscanf   0x08009af0       0x54 c:/program files (x86)/atollic/truestudio for stm32 9.3.0/armtools/bin/../lib/gcc/arm-atollic-eabi/6.3.1/../../../../arm-atollic-eabi/lib/armv7e-m/fpu\libc_nano.a(lib_a-sscanf.o)
                0x08009af0                siscanf
                0x08009af0                sscanf
 .text.__seofread
                0x08009b44        0x4 c:/program files (x86)/atollic/truestudio for stm32 9.3.0/armtools/bin/../lib/gcc/arm-atollic-eabi/6.3.1/../../../../arm-atollic-eabi/lib/armv7e-m/fpu\libc_nano.a(lib_a-stdio.o)
                0x08009b44                __seofread
 .text.__ssputs_r
                0x08009b48       0xb6 c:/program files (x86)/atollic/truestudio for stm32 9.3.0/armtools/bin/../lib/gcc/arm-atollic-eabi/6.3.1/../../../../arm-atollic-eabi/lib/armv7e-m/fpu\libc_nano.a(lib_a-nano-svfprintf.o)
                0x08009b48                __ssputs_r
 *fill*         0x08009bfe        0x2 
 .text._svfprintf_r
                0x08009c00      0x1e8 c:/program files (x86)/atollic/truestudio for stm32 9.3.0/armtools/bin/../lib/gcc/arm-atollic-eabi/6.3.1/../../../../arm-atollic-eabi/lib/armv7e-m/fpu\libc_nano.a(lib_a-nano-svfprintf.o)
                0x08009c00                _svfiprintf_r
                0x08009c00                _svfprintf_r
 .text._sungetc_r
                0x08009de8       0x7a c:/program files (x86)/atollic/truestudio for stm32 9.3.0/armtools/bin/../lib/gcc/arm-atollic-eabi/6.3.1/../../../../arm-atollic-eabi/lib/armv7e-m/fpu\libc_nano.a(lib_a-nano-svfscanf.o)
                0x08009de8                _sungetc_r
 .text.__ssrefill_r
                0x08009e62       0x3a c:/program files (x86)/atollic/truestudio for stm32 9.3.0/armtools/bin/../lib/gcc/arm-atollic-eabi/6.3.1/../../../../arm-atollic-eabi/lib/armv7e-m/fpu\libc_nano.a(lib_a-nano-svfscanf.o)
                0x08009e62                __ssrefill_r
 .text.__ssvfscanf_r
                0x08009e9c      0x2a8 c:/program files (x86)/atollic/truestudio for stm32 9.3.0/armtools/bin/../lib/gcc/arm-atollic-eabi/6.3.1/../../../../arm-atollic-eabi/lib/armv7e-m/fpu\libc_nano.a(lib_a-nano-svfscanf.o)
                0x08009e9c                __ssvfiscanf_r
                0x08009e9c                __ssvfscanf_r
 .text._printf_common
                0x0800a144       0xec c:/program files (x86)/atollic/truestudio for stm32 9.3.0/armtools/bin/../lib/gcc/arm-atollic-eabi/6.3.1/../../../../arm-atollic-eabi/lib/armv7e-m/fpu\libc_nano.a(lib_a-nano-vfprintf_i.o)
                0x0800a144                _printf_common
 .text._printf_i
                0x0800a230      0x240 c:/program files (x86)/atollic/truestudio for stm32 9.3.0/armtools/bin/../lib/gcc/arm-atollic-eabi/6.3.1/../../../../arm-atollic-eabi/lib/armv7e-m/fpu\libc_nano.a(lib_a-nano-vfprintf_i.o)
                0x0800a230                _printf_i
 .text._scanf_chars
                0x0800a470       0xc8 c:/program files (x86)/atollic/truestudio for stm32 9.3.0/armtools/bin/../lib/gcc/arm-atollic-eabi/6.3.1/../../../../arm-atollic-eabi/lib/armv7e-m/fpu\libc_nano.a(lib_a-nano-vfscanf_i.o)
                0x0800a470                _scanf_chars
 .text._scanf_i
                0x0800a538      0x1e8 c:/program files (x86)/atollic/truestudio for stm32 9.3.0/armtools/bin/../lib/gcc/arm-atollic-eabi/6.3.1/../../../../arm-atollic-eabi/lib/armv7e-m/fpu\libc_nano.a(lib_a-nano-vfscanf_i.o)
                0x0800a538                _scanf_i
 .text.__sccl   0x0800a720       0x60 c:/program files (x86)/atollic/truestudio for stm32 9.3.0/armtools/bin/../lib/gcc/arm-atollic-eabi/6.3.1/../../../../arm-atollic-eabi/lib/armv7e-m/fpu\libc_nano.a(lib_a-sccl.o)
                0x0800a720                __sccl
 .text._strtol_l.isra.0
                0x0800a780      0x100 c:/program files (x86)/atollic/truestudio for stm32 9.3.0/armtools/bin/../lib/gcc/arm-atollic-eabi/6.3.1/../../../../arm-atollic-eabi/lib/armv7e-m/fpu\libc_nano.a(lib_a-strtol.o)
 .text._strtol_r
                0x0800a880       0x24 c:/program files (x86)/atollic/truestudio for stm32 9.3.0/armtools/bin/../lib/gcc/arm-atollic-eabi/6.3.1/../../../../arm-atollic-eabi/lib/armv7e-m/fpu\libc_nano.a(lib_a-strtol.o)
                0x0800a880                _strtol_r
 .text._strtoul_l.isra.0
                0x0800a8a4       0xfa c:/program files (x86)/atollic/truestudio for stm32 9.3.0/armtools/bin/../lib/gcc/arm-atollic-eabi/6.3.1/../../../../arm-atollic-eabi/lib/armv7e-m/fpu\libc_nano.a(lib_a-strtoul.o)
 *fill*         0x0800a99e        0x2 
 .text._strtoul_r
                0x0800a9a0       0x24 c:/program files (x86)/atollic/truestudio for stm32 9.3.0/armtools/bin/../lib/gcc/arm-atollic-eabi/6.3.1/../../../../arm-atollic-eabi/lib/armv7e-m/fpu\libc_nano.a(lib_a-strtoul.o)
                0x0800a9a0                _strtoul_r
 .text.__submore
                0x0800a9c4       0x76 c:/program files (x86)/atollic/truestudio for stm32 9.3.0/armtools/bin/../lib/gcc/arm-atollic-eabi/6.3.1/../../../../arm-atollic-eabi/lib/armv7e-m/fpu\libc_nano.a(lib_a-ungetc.o)
                0x0800a9c4                __submore
 .text.__locale_ctype_ptr_l
                0x0800aa3a        0x6 c:/program files (x86)/atollic/truestudio for stm32 9.3.0/armtools/bin/../lib/gcc/arm-atollic-eabi/6.3.1/../../../../arm-atollic-eabi/lib/armv7e-m/fpu\libc_nano.a(lib_a-locale.o)
                0x0800aa3a                __locale_ctype_ptr_l
 .text.__locale_ctype_ptr
                0x0800aa40       0x1c c:/program files (x86)/atollic/truestudio for stm32 9.3.0/armtools/bin/../lib/gcc/arm-atollic-eabi/6.3.1/../../../../arm-atollic-eabi/lib/armv7e-m/fpu\libc_nano.a(lib_a-locale.o)
                0x0800aa40                __locale_ctype_ptr
 .text.__ascii_mbtowc
                0x0800aa5c       0x24 c:/program files (x86)/atollic/truestudio for stm32 9.3.0/armtools/bin/../lib/gcc/arm-atollic-eabi/6.3.1/../../../../arm-atollic-eabi/lib/armv7e-m/fpu\libc_nano.a(lib_a-mbtowc_r.o)
                0x0800aa5c                __ascii_mbtowc
 .text.memcpy   0x0800aa80       0x16 c:/program files (x86)/atollic/truestudio for stm32 9.3.0/armtools/bin/../lib/gcc/arm-atollic-eabi/6.3.1/../../../../arm-atollic-eabi/lib/armv7e-m/fpu\libc_nano.a(lib_a-memcpy-stub.o)
                0x0800aa80                memcpy
 .text.memmove  0x0800aa96       0x34 c:/program files (x86)/atollic/truestudio for stm32 9.3.0/armtools/bin/../lib/gcc/arm-atollic-eabi/6.3.1/../../../../arm-atollic-eabi/lib/armv7e-m/fpu\libc_nano.a(lib_a-memmove.o)
                0x0800aa96                memmove
 *fill*         0x0800aaca        0x2 
 .text._free_r  0x0800aacc       0x9c c:/program files (x86)/atollic/truestudio for stm32 9.3.0/armtools/bin/../lib/gcc/arm-atollic-eabi/6.3.1/../../../../arm-atollic-eabi/lib/armv7e-m/fpu\libc_nano.a(lib_a-nano-freer.o)
                0x0800aacc                _free_r
 .text._malloc_r
                0x0800ab68       0xbc c:/program files (x86)/atollic/truestudio for stm32 9.3.0/armtools/bin/../lib/gcc/arm-atollic-eabi/6.3.1/../../../../arm-atollic-eabi/lib/armv7e-m/fpu\libc_nano.a(lib_a-nano-mallocr.o)
                0x0800ab68                _malloc_r
 .text._realloc_r
                0x0800ac24       0x4c c:/program files (x86)/atollic/truestudio for stm32 9.3.0/armtools/bin/../lib/gcc/arm-atollic-eabi/6.3.1/../../../../arm-atollic-eabi/lib/armv7e-m/fpu\libc_nano.a(lib_a-nano-reallocr.o)
                0x0800ac24                _realloc_r
 .text._sbrk_r  0x0800ac70       0x20 c:/program files (x86)/atollic/truestudio for stm32 9.3.0/armtools/bin/../lib/gcc/arm-atollic-eabi/6.3.1/../../../../arm-atollic-eabi/lib/armv7e-m/fpu\libc_nano.a(lib_a-sbrkr.o)
                0x0800ac70                _sbrk_r
 .text.__ascii_wctomb
                0x0800ac90       0x1a c:/program files (x86)/atollic/truestudio for stm32 9.3.0/armtools/bin/../lib/gcc/arm-atollic-eabi/6.3.1/../../../../arm-atollic-eabi/lib/armv7e-m/fpu\libc_nano.a(lib_a-wctomb_r.o)
                0x0800ac90                __ascii_wctomb
 .text.__malloc_lock
                0x0800acaa        0x2 c:/program files (x86)/atollic/truestudio for stm32 9.3.0/armtools/bin/../lib/gcc/arm-atollic-eabi/6.3.1/../../../../arm-atollic-eabi/lib/armv7e-m/fpu\libc_nano.a(lib_a-mlock.o)
                0x0800acaa                __malloc_lock
 .text.__malloc_unlock
                0x0800acac        0x2 c:/program files (x86)/atollic/truestudio for stm32 9.3.0/armtools/bin/../lib/gcc/arm-atollic-eabi/6.3.1/../../../../arm-atollic-eabi/lib/armv7e-m/fpu\libc_nano.a(lib_a-mlock.o)
                0x0800acac                __malloc_unlock
 .text._malloc_usable_size_r
                0x0800acae       0x12 c:/program files (x86)/atollic/truestudio for stm32 9.3.0/armtools/bin/../lib/gcc/arm-atollic-eabi/6.3.1/../../../../arm-atollic-eabi/lib/armv7e-m/fpu\libc_nano.a(lib_a-nano-msizer.o)
                0x0800acae                _malloc_usable_size_r
 *(.glue_7)
 .glue_7        0x0800acc0        0x0 linker stubs
 *(.glue_7t)
 .glue_7t       0x0800acc0        0x0 linker stubs
 *(.eh_frame)
 .eh_frame      0x0800acc0        0x0 c:/program files (x86)/atollic/truestudio for stm32 9.3.0/armtools/bin/../lib/gcc/arm-atollic-eabi/6.3.1/armv7e-m/fpu/crtbegin.o
 *(.init)
 .init          0x0800acc0        0x4 c:/program files (x86)/atollic/truestudio for stm32 9.3.0/armtools/bin/../lib/gcc/arm-atollic-eabi/6.3.1/armv7e-m/fpu/crti.o
                0x0800acc0                _init
 .init          0x0800acc4        0x8 c:/program files (x86)/atollic/truestudio for stm32 9.3.0/armtools/bin/../lib/gcc/arm-atollic-eabi/6.3.1/armv7e-m/fpu/crtn.o
 *(.fini)
 .fini          0x0800accc        0x4 c:/program files (x86)/atollic/truestudio for stm32 9.3.0/armtools/bin/../lib/gcc/arm-atollic-eabi/6.3.1/armv7e-m/fpu/crti.o
                0x0800accc                _fini
 .fini          0x0800acd0        0x8 c:/program files (x86)/atollic/truestudio for stm32 9.3.0/armtools/bin/../lib/gcc/arm-atollic-eabi/6.3.1/armv7e-m/fpu/crtn.o
                0x0800acd8                . = ALIGN (0x4)
                0x0800acd8                _etext = .

.vfp11_veneer   0x0800acd8        0x0
 .vfp11_veneer  0x0800acd8        0x0 linker stubs

.v4_bx          0x0800acd8        0x0
 .v4_bx         0x0800acd8        0x0 linker stubs

.iplt           0x0800acd8        0x0
 .iplt          0x0800acd8        0x0 c:/program files (x86)/atollic/truestudio for stm32 9.3.0/armtools/bin/../lib/gcc/arm-atollic-eabi/6.3.1/armv7e-m/fpu/crtbegin.o

.rodata         0x0800acd8      0x388
                0x0800acd8                . = ALIGN (0x4)
 *(.rodata)
 .rodata        0x0800acd8      0x176 Core\Src\main.o
 *fill*         0x0800ae4e        0x2 
 .rodata        0x0800ae50        0xc c:/program files (x86)/atollic/truestudio for stm32 9.3.0/armtools/bin/../lib/gcc/arm-atollic-eabi/6.3.1/../../../../arm-atollic-eabi/lib/armv7e-m/fpu\libc_nano.a(lib_a-nano-vfscanf_i.o)
 *(.rodata*)
 .rodata.AHBPrescTable
                0x0800ae5c       0x10 Core\Src\system_stm32l4xx.o
                0x0800ae5c                AHBPrescTable
 .rodata.APBPrescTable
                0x0800ae6c        0x8 Core\Src\system_stm32l4xx.o
                0x0800ae6c                APBPrescTable
 .rodata.MSIRangeTable
                0x0800ae74       0x30 Core\Src\system_stm32l4xx.o
                0x0800ae74                MSIRangeTable
 .rodata._svfprintf_r.str1.1
                0x0800aea4       0x11 c:/program files (x86)/atollic/truestudio for stm32 9.3.0/armtools/bin/../lib/gcc/arm-atollic-eabi/6.3.1/../../../../arm-atollic-eabi/lib/armv7e-m/fpu\libc_nano.a(lib_a-nano-svfprintf.o)
 .rodata.__ssvfscanf_r.str1.1
                0x0800aeb5        0x4 c:/program files (x86)/atollic/truestudio for stm32 9.3.0/armtools/bin/../lib/gcc/arm-atollic-eabi/6.3.1/../../../../arm-atollic-eabi/lib/armv7e-m/fpu\libc_nano.a(lib_a-nano-svfscanf.o)
 .rodata._printf_i.str1.1
                0x0800aeb5       0x22 c:/program files (x86)/atollic/truestudio for stm32 9.3.0/armtools/bin/../lib/gcc/arm-atollic-eabi/6.3.1/../../../../arm-atollic-eabi/lib/armv7e-m/fpu\libc_nano.a(lib_a-nano-vfprintf_i.o)
 .rodata._scanf_i.str1.1
                0x0800aed7       0x12 c:/program files (x86)/atollic/truestudio for stm32 9.3.0/armtools/bin/../lib/gcc/arm-atollic-eabi/6.3.1/../../../../arm-atollic-eabi/lib/armv7e-m/fpu\libc_nano.a(lib_a-nano-vfscanf_i.o)
 .rodata.str1.1
                0x0800aee9        0x9 c:/program files (x86)/atollic/truestudio for stm32 9.3.0/armtools/bin/../lib/gcc/arm-atollic-eabi/6.3.1/../../../../arm-atollic-eabi/lib/armv7e-m/fpu\libc_nano.a(lib_a-nano-vfscanf_i.o)
 *fill*         0x0800aef2        0x2 
 .rodata.__sf_fake_stderr
                0x0800aef4       0x20 c:/program files (x86)/atollic/truestudio for stm32 9.3.0/armtools/bin/../lib/gcc/arm-atollic-eabi/6.3.1/../../../../arm-atollic-eabi/lib/armv7e-m/fpu\libc_nano.a(lib_a-findfp.o)
                0x0800aef4                __sf_fake_stderr
 .rodata.__sf_fake_stdin
                0x0800af14       0x20 c:/program files (x86)/atollic/truestudio for stm32 9.3.0/armtools/bin/../lib/gcc/arm-atollic-eabi/6.3.1/../../../../arm-atollic-eabi/lib/armv7e-m/fpu\libc_nano.a(lib_a-findfp.o)
                0x0800af14                __sf_fake_stdin
 .rodata.__sf_fake_stdout
                0x0800af34       0x20 c:/program files (x86)/atollic/truestudio for stm32 9.3.0/armtools/bin/../lib/gcc/arm-atollic-eabi/6.3.1/../../../../arm-atollic-eabi/lib/armv7e-m/fpu\libc_nano.a(lib_a-findfp.o)
                0x0800af34                __sf_fake_stdout
 .rodata._setlocale_r.str1.1
                0x0800af54        0x8 c:/program files (x86)/atollic/truestudio for stm32 9.3.0/armtools/bin/../lib/gcc/arm-atollic-eabi/6.3.1/../../../../arm-atollic-eabi/lib/armv7e-m/fpu\libc_nano.a(lib_a-locale.o)
                                  0x9 (size before relaxing)
 .rodata.str1.1
                0x0800af5c        0x2 c:/program files (x86)/atollic/truestudio for stm32 9.3.0/armtools/bin/../lib/gcc/arm-atollic-eabi/6.3.1/../../../../arm-atollic-eabi/lib/armv7e-m/fpu\libc_nano.a(lib_a-locale.o)
 .rodata._ctype_
                0x0800af5e      0x101 c:/program files (x86)/atollic/truestudio for stm32 9.3.0/armtools/bin/../lib/gcc/arm-atollic-eabi/6.3.1/../../../../arm-atollic-eabi/lib/armv7e-m/fpu\libc_nano.a(lib_a-ctype_.o)
                0x0800af5e                _ctype_
                0x0800b060                . = ALIGN (0x4)
 *fill*         0x0800b05f        0x1 

.ARM.extab
 *(.ARM.extab* .gnu.linkonce.armextab.*)

.ARM            0x0800b060        0x8
                0x0800b060                __exidx_start = .
 *(.ARM.exidx*)
 .ARM.exidx     0x0800b060        0x8 c:/program files (x86)/atollic/truestudio for stm32 9.3.0/armtools/bin/../lib/gcc/arm-atollic-eabi/6.3.1/armv7e-m/fpu\libgcc.a(_udivmoddi4.o)
                0x0800b068                __exidx_end = .

.rel.dyn        0x0800b068        0x0
 .rel.iplt      0x0800b068        0x0 c:/program files (x86)/atollic/truestudio for stm32 9.3.0/armtools/bin/../lib/gcc/arm-atollic-eabi/6.3.1/armv7e-m/fpu/crtbegin.o

.preinit_array  0x0800b068        0x0
                0x0800b068                PROVIDE (__preinit_array_start, .)
 *(.preinit_array*)
                0x0800b068                PROVIDE (__preinit_array_end, .)

.init_array     0x0800b068        0x4
                0x0800b068                PROVIDE (__init_array_start, .)
 *(SORT(.init_array.*))
 *(.init_array*)
 .init_array    0x0800b068        0x4 c:/program files (x86)/atollic/truestudio for stm32 9.3.0/armtools/bin/../lib/gcc/arm-atollic-eabi/6.3.1/armv7e-m/fpu/crtbegin.o
                0x0800b06c                PROVIDE (__init_array_end, .)

.fini_array     0x0800b06c        0x4
                [!provide]                PROVIDE (__fini_array_start, .)
 *(SORT(.fini_array.*))
 *(.fini_array*)
 .fini_array    0x0800b06c        0x4 c:/program files (x86)/atollic/truestudio for stm32 9.3.0/armtools/bin/../lib/gcc/arm-atollic-eabi/6.3.1/armv7e-m/fpu/crtbegin.o
                [!provide]                PROVIDE (__fini_array_end, .)
                0x0800b070                _sidata = LOADADDR (.data)

.data           0x20000000      0x1e0 load address 0x0800b070
                0x20000000                . = ALIGN (0x4)
                0x20000000                _sdata = .
 *(.data)
 *(.data*)
 .data.newLine  0x20000000        0x3 Core\Src\main.o
                0x20000000                newLine
 .data.measurement_time
                0x20000003        0x1 Core\Src\main.o
                0x20000003                measurement_time
 .data.SystemCoreClock
                0x20000004        0x4 Core\Src\system_stm32l4xx.o
                0x20000004                SystemCoreClock
 .data.uwTickPrio
                0x20000008        0x4 Drivers\STM32L4xx_HAL_Driver\Src\stm32l4xx_hal.o
                0x20000008                uwTickPrio
 .data.uwTickFreq
                0x2000000c        0x1 Drivers\STM32L4xx_HAL_Driver\Src\stm32l4xx_hal.o
                0x2000000c                uwTickFreq
 *fill*         0x2000000d        0x3 
 .data._impure_ptr
                0x20000010        0x4 c:/program files (x86)/atollic/truestudio for stm32 9.3.0/armtools/bin/../lib/gcc/arm-atollic-eabi/6.3.1/../../../../arm-atollic-eabi/lib/armv7e-m/fpu\libc_nano.a(lib_a-impure.o)
                0x20000010                _impure_ptr
 .data.impure_data
                0x20000014       0x60 c:/program files (x86)/atollic/truestudio for stm32 9.3.0/armtools/bin/../lib/gcc/arm-atollic-eabi/6.3.1/../../../../arm-atollic-eabi/lib/armv7e-m/fpu\libc_nano.a(lib_a-impure.o)
 .data.__global_locale
                0x20000074      0x16c c:/program files (x86)/atollic/truestudio for stm32 9.3.0/armtools/bin/../lib/gcc/arm-atollic-eabi/6.3.1/../../../../arm-atollic-eabi/lib/armv7e-m/fpu\libc_nano.a(lib_a-locale.o)
                0x20000074                __global_locale
                0x200001e0                . = ALIGN (0x4)
                0x200001e0                _edata = .

.igot.plt       0x200001e0        0x0 load address 0x0800b250
 .igot.plt      0x200001e0        0x0 c:/program files (x86)/atollic/truestudio for stm32 9.3.0/armtools/bin/../lib/gcc/arm-atollic-eabi/6.3.1/armv7e-m/fpu/crtbegin.o
                0x200001e0                . = ALIGN (0x4)

.bss            0x200001e0      0x328 load address 0x0800b250
                0x200001e0                _sbss = .
                0x200001e0                __bss_start__ = _sbss
 *(.bss)
 .bss           0x200001e0       0x1c c:/program files (x86)/atollic/truestudio for stm32 9.3.0/armtools/bin/../lib/gcc/arm-atollic-eabi/6.3.1/armv7e-m/fpu/crtbegin.o
 *(.bss*)
 .bss.ultra_sonic_rising
                0x200001fc        0x4 Core\Src\main.o
                0x200001fc                ultra_sonic_rising
 .bss.ultra_sonic_falling
                0x20000200        0x4 Core\Src\main.o
                0x20000200                ultra_sonic_falling
 .bss.ultrasonic_difference
                0x20000204        0x4 Core\Src\main.o
                0x20000204                ultrasonic_difference
 .bss.ultra_sonic_frist_captured
                0x20000208        0x1 Core\Src\main.o
                0x20000208                ultra_sonic_frist_captured
 *fill*         0x20000209        0x3 
 .bss.uart_buffer
                0x2000020c        0xa Core\Src\main.o
                0x2000020c                uart_buffer
 *fill*         0x20000216        0x2 
 .bss.heap_end.7010
                0x20000218        0x4 Core\Src\syscalls.o
 .bss.__malloc_free_list
                0x2000021c        0x4 c:/program files (x86)/atollic/truestudio for stm32 9.3.0/armtools/bin/../lib/gcc/arm-atollic-eabi/6.3.1/../../../../arm-atollic-eabi/lib/armv7e-m/fpu\libc_nano.a(lib_a-nano-mallocr.o)
                0x2000021c                __malloc_free_list
 .bss.__malloc_sbrk_start
                0x20000220        0x4 c:/program files (x86)/atollic/truestudio for stm32 9.3.0/armtools/bin/../lib/gcc/arm-atollic-eabi/6.3.1/../../../../arm-atollic-eabi/lib/armv7e-m/fpu\libc_nano.a(lib_a-nano-mallocr.o)
                0x20000220                __malloc_sbrk_start
 *(COMMON)
 COMMON         0x20000224      0x2dc Core\Src\main.o
                0x20000224                sensor_values
                0x20000234                hi2c1
                0x20000280                hadc1
                0x200002e8                huart1
                0x2000036c                rtc_time
                0x20000380                hrtc
                0x200003a4                htim6
                0x200003f0                htim1
                0x2000043c                rtc_date
                0x20000440                loadcell_sensor
                0x20000454                sensor1
                0x20000468                huart2
                0x200004ec                rapidMeasure
                0x200004f0                dht_sensor
 COMMON         0x20000500        0x4 Drivers\STM32L4xx_HAL_Driver\Src\stm32l4xx_hal.o
                0x20000500                uwTick
 COMMON         0x20000504        0x4 c:/program files (x86)/atollic/truestudio for stm32 9.3.0/armtools/bin/../lib/gcc/arm-atollic-eabi/6.3.1/../../../../arm-atollic-eabi/lib/armv7e-m/fpu\libc_nano.a(lib_a-reent.o)
                0x20000504                errno
                0x20000508                . = ALIGN (0x4)
                0x20000508                _ebss = .
                0x20000508                __bss_end__ = _ebss

._user_heap_stack
                0x20000508      0x600 load address 0x0800b250
                0x20000508                . = ALIGN (0x4)
                0x20000508                PROVIDE (end, .)
                [!provide]                PROVIDE (_end, .)
                0x20000708                . = (. + _Min_Heap_Size)
 *fill*         0x20000508      0x200 
                0x20000b08                . = (. + _Min_Stack_Size)
 *fill*         0x20000708      0x400 
                0x20000b08                . = ALIGN (0x4)

/DISCARD/
 libc.a(*)
 libm.a(*)
 libgcc.a(*)

.ARM.attributes
                0x00000000       0x30
 *(.ARM.attributes)
 .ARM.attributes
                0x00000000       0x22 c:/program files (x86)/atollic/truestudio for stm32 9.3.0/armtools/bin/../lib/gcc/arm-atollic-eabi/6.3.1/armv7e-m/fpu/crti.o
 .ARM.attributes
                0x00000022       0x34 c:/program files (x86)/atollic/truestudio for stm32 9.3.0/armtools/bin/../lib/gcc/arm-atollic-eabi/6.3.1/armv7e-m/fpu/crtbegin.o
 .ARM.attributes
                0x00000056       0x39 Core\Src\VL53L0X.o
 .ARM.attributes
                0x0000008f       0x39 Core\Src\hx711.o
 .ARM.attributes
                0x000000c8       0x39 Core\Src\main.o
 .ARM.attributes
                0x00000101       0x39 Core\Src\mk_dht11.o
 .ARM.attributes
                0x0000013a       0x39 Core\Src\stm32l4xx_hal_msp.o
 .ARM.attributes
                0x00000173       0x39 Core\Src\stm32l4xx_it.o
 .ARM.attributes
                0x000001ac       0x39 Core\Src\syscalls.o
 .ARM.attributes
                0x000001e5       0x39 Core\Src\system_stm32l4xx.o
 .ARM.attributes
                0x0000021e       0x39 Drivers\STM32L4xx_HAL_Driver\Src\stm32l4xx_hal.o
 .ARM.attributes
                0x00000257       0x39 Drivers\STM32L4xx_HAL_Driver\Src\stm32l4xx_hal_adc.o
 .ARM.attributes
                0x00000290       0x39 Drivers\STM32L4xx_HAL_Driver\Src\stm32l4xx_hal_cortex.o
 .ARM.attributes
                0x000002c9       0x39 Drivers\STM32L4xx_HAL_Driver\Src\stm32l4xx_hal_dma.o
 .ARM.attributes
                0x00000302       0x39 Drivers\STM32L4xx_HAL_Driver\Src\stm32l4xx_hal_gpio.o
 .ARM.attributes
                0x0000033b       0x39 Drivers\STM32L4xx_HAL_Driver\Src\stm32l4xx_hal_i2c.o
 .ARM.attributes
                0x00000374       0x39 Drivers\STM32L4xx_HAL_Driver\Src\stm32l4xx_hal_i2c_ex.o
 .ARM.attributes
                0x000003ad       0x39 Drivers\STM32L4xx_HAL_Driver\Src\stm32l4xx_hal_pwr_ex.o
 .ARM.attributes
                0x000003e6       0x39 Drivers\STM32L4xx_HAL_Driver\Src\stm32l4xx_hal_rcc.o
 .ARM.attributes
                0x0000041f       0x39 Drivers\STM32L4xx_HAL_Driver\Src\stm32l4xx_hal_rcc_ex.o
 .ARM.attributes
                0x00000458       0x39 Drivers\STM32L4xx_HAL_Driver\Src\stm32l4xx_hal_rtc.o
 .ARM.attributes
                0x00000491       0x39 Drivers\STM32L4xx_HAL_Driver\Src\stm32l4xx_hal_tim.o
 .ARM.attributes
                0x000004ca       0x39 Drivers\STM32L4xx_HAL_Driver\Src\stm32l4xx_hal_tim_ex.o
 .ARM.attributes
                0x00000503       0x39 Drivers\STM32L4xx_HAL_Driver\Src\stm32l4xx_hal_uart.o
 .ARM.attributes
                0x0000053c       0x39 Drivers\STM32L4xx_HAL_Driver\Src\stm32l4xx_hal_uart_ex.o
 .ARM.attributes
                0x00000575       0x21 startup\startup_stm32l452xx.o
 .ARM.attributes
                0x00000596       0x34 c:/program files (x86)/atollic/truestudio for stm32 9.3.0/armtools/bin/../lib/gcc/arm-atollic-eabi/6.3.1/../../../../arm-atollic-eabi/lib/armv7e-m/fpu\libc_nano.a(lib_a-errno.o)
 .ARM.attributes
                0x000005ca       0x34 c:/program files (x86)/atollic/truestudio for stm32 9.3.0/armtools/bin/../lib/gcc/arm-atollic-eabi/6.3.1/../../../../arm-atollic-eabi/lib/armv7e-m/fpu\libc_nano.a(lib_a-impure.o)
 .ARM.attributes
                0x000005fe       0x34 c:/program files (x86)/atollic/truestudio for stm32 9.3.0/armtools/bin/../lib/gcc/arm-atollic-eabi/6.3.1/../../../../arm-atollic-eabi/lib/armv7e-m/fpu\libc_nano.a(lib_a-init.o)
 .ARM.attributes
                0x00000632       0x34 c:/program files (x86)/atollic/truestudio for stm32 9.3.0/armtools/bin/../lib/gcc/arm-atollic-eabi/6.3.1/../../../../arm-atollic-eabi/lib/armv7e-m/fpu\libc_nano.a(lib_a-memset.o)
 .ARM.attributes
                0x00000666       0x34 c:/program files (x86)/atollic/truestudio for stm32 9.3.0/armtools/bin/../lib/gcc/arm-atollic-eabi/6.3.1/../../../../arm-atollic-eabi/lib/armv7e-m/fpu\libc_nano.a(lib_a-sprintf.o)
 .ARM.attributes
                0x0000069a       0x34 c:/program files (x86)/atollic/truestudio for stm32 9.3.0/armtools/bin/../lib/gcc/arm-atollic-eabi/6.3.1/../../../../arm-atollic-eabi/lib/armv7e-m/fpu\libc_nano.a(lib_a-sscanf.o)
 .ARM.attributes
                0x000006ce       0x34 c:/program files (x86)/atollic/truestudio for stm32 9.3.0/armtools/bin/../lib/gcc/arm-atollic-eabi/6.3.1/../../../../arm-atollic-eabi/lib/armv7e-m/fpu\libc_nano.a(lib_a-stdio.o)
 .ARM.attributes
                0x00000702       0x1b c:/program files (x86)/atollic/truestudio for stm32 9.3.0/armtools/bin/../lib/gcc/arm-atollic-eabi/6.3.1/../../../../arm-atollic-eabi/lib/armv7e-m/fpu\libc_nano.a(lib_a-strlen.o)
 .ARM.attributes
                0x0000071d       0x34 c:/program files (x86)/atollic/truestudio for stm32 9.3.0/armtools/bin/../lib/gcc/arm-atollic-eabi/6.3.1/../../../../arm-atollic-eabi/lib/armv7e-m/fpu\libc_nano.a(lib_a-nano-svfprintf.o)
 .ARM.attributes
                0x00000751       0x34 c:/program files (x86)/atollic/truestudio for stm32 9.3.0/armtools/bin/../lib/gcc/arm-atollic-eabi/6.3.1/../../../../arm-atollic-eabi/lib/armv7e-m/fpu\libc_nano.a(lib_a-nano-svfscanf.o)
 .ARM.attributes
                0x00000785       0x34 c:/program files (x86)/atollic/truestudio for stm32 9.3.0/armtools/bin/../lib/gcc/arm-atollic-eabi/6.3.1/../../../../arm-atollic-eabi/lib/armv7e-m/fpu\libc_nano.a(lib_a-nano-vfprintf_i.o)
 .ARM.attributes
                0x000007b9       0x34 c:/program files (x86)/atollic/truestudio for stm32 9.3.0/armtools/bin/../lib/gcc/arm-atollic-eabi/6.3.1/../../../../arm-atollic-eabi/lib/armv7e-m/fpu\libc_nano.a(lib_a-nano-vfscanf_i.o)
 .ARM.attributes
                0x000007ed       0x34 c:/program files (x86)/atollic/truestudio for stm32 9.3.0/armtools/bin/../lib/gcc/arm-atollic-eabi/6.3.1/../../../../arm-atollic-eabi/lib/armv7e-m/fpu\libc_nano.a(lib_a-reent.o)
 .ARM.attributes
                0x00000821       0x34 c:/program files (x86)/atollic/truestudio for stm32 9.3.0/armtools/bin/../lib/gcc/arm-atollic-eabi/6.3.1/../../../../arm-atollic-eabi/lib/armv7e-m/fpu\libc_nano.a(lib_a-sccl.o)
 .ARM.attributes
                0x00000855       0x34 c:/program files (x86)/atollic/truestudio for stm32 9.3.0/armtools/bin/../lib/gcc/arm-atollic-eabi/6.3.1/../../../../arm-atollic-eabi/lib/armv7e-m/fpu\libc_nano.a(lib_a-strtol.o)
 .ARM.attributes
                0x00000889       0x34 c:/program files (x86)/atollic/truestudio for stm32 9.3.0/armtools/bin/../lib/gcc/arm-atollic-eabi/6.3.1/../../../../arm-atollic-eabi/lib/armv7e-m/fpu\libc_nano.a(lib_a-strtoul.o)
 .ARM.attributes
                0x000008bd       0x34 c:/program files (x86)/atollic/truestudio for stm32 9.3.0/armtools/bin/../lib/gcc/arm-atollic-eabi/6.3.1/../../../../arm-atollic-eabi/lib/armv7e-m/fpu\libc_nano.a(lib_a-ungetc.o)
 .ARM.attributes
                0x000008f1       0x34 c:/program files (x86)/atollic/truestudio for stm32 9.3.0/armtools/bin/../lib/gcc/arm-atollic-eabi/6.3.1/../../../../arm-atollic-eabi/lib/armv7e-m/fpu\libc_nano.a(lib_a-findfp.o)
 .ARM.attributes
                0x00000925       0x34 c:/program files (x86)/atollic/truestudio for stm32 9.3.0/armtools/bin/../lib/gcc/arm-atollic-eabi/6.3.1/../../../../arm-atollic-eabi/lib/armv7e-m/fpu\libc_nano.a(lib_a-locale.o)
 .ARM.attributes
                0x00000959       0x34 c:/program files (x86)/atollic/truestudio for stm32 9.3.0/armtools/bin/../lib/gcc/arm-atollic-eabi/6.3.1/../../../../arm-atollic-eabi/lib/armv7e-m/fpu\libc_nano.a(lib_a-mbtowc_r.o)
 .ARM.attributes
                0x0000098d       0x20 c:/program files (x86)/atollic/truestudio for stm32 9.3.0/armtools/bin/../lib/gcc/arm-atollic-eabi/6.3.1/../../../../arm-atollic-eabi/lib/armv7e-m/fpu\libc_nano.a(lib_a-memchr.o)
 .ARM.attributes
                0x000009ad       0x34 c:/program files (x86)/atollic/truestudio for stm32 9.3.0/armtools/bin/../lib/gcc/arm-atollic-eabi/6.3.1/../../../../arm-atollic-eabi/lib/armv7e-m/fpu\libc_nano.a(lib_a-memcpy-stub.o)
 .ARM.attributes
                0x000009e1       0x34 c:/program files (x86)/atollic/truestudio for stm32 9.3.0/armtools/bin/../lib/gcc/arm-atollic-eabi/6.3.1/../../../../arm-atollic-eabi/lib/armv7e-m/fpu\libc_nano.a(lib_a-memmove.o)
 .ARM.attributes
                0x00000a15       0x34 c:/program files (x86)/atollic/truestudio for stm32 9.3.0/armtools/bin/../lib/gcc/arm-atollic-eabi/6.3.1/../../../../arm-atollic-eabi/lib/armv7e-m/fpu\libc_nano.a(lib_a-nano-freer.o)
 .ARM.attributes
                0x00000a49       0x34 c:/program files (x86)/atollic/truestudio for stm32 9.3.0/armtools/bin/../lib/gcc/arm-atollic-eabi/6.3.1/../../../../arm-atollic-eabi/lib/armv7e-m/fpu\libc_nano.a(lib_a-nano-mallocr.o)
 .ARM.attributes
                0x00000a7d       0x34 c:/program files (x86)/atollic/truestudio for stm32 9.3.0/armtools/bin/../lib/gcc/arm-atollic-eabi/6.3.1/../../../../arm-atollic-eabi/lib/armv7e-m/fpu\libc_nano.a(lib_a-nano-reallocr.o)
 .ARM.attributes
                0x00000ab1       0x34 c:/program files (x86)/atollic/truestudio for stm32 9.3.0/armtools/bin/../lib/gcc/arm-atollic-eabi/6.3.1/../../../../arm-atollic-eabi/lib/armv7e-m/fpu\libc_nano.a(lib_a-sbrkr.o)
 .ARM.attributes
                0x00000ae5       0x34 c:/program files (x86)/atollic/truestudio for stm32 9.3.0/armtools/bin/../lib/gcc/arm-atollic-eabi/6.3.1/../../../../arm-atollic-eabi/lib/armv7e-m/fpu\libc_nano.a(lib_a-wctomb_r.o)
 .ARM.attributes
                0x00000b19       0x34 c:/program files (x86)/atollic/truestudio for stm32 9.3.0/armtools/bin/../lib/gcc/arm-atollic-eabi/6.3.1/../../../../arm-atollic-eabi/lib/armv7e-m/fpu\libc_nano.a(lib_a-ctype_.o)
 .ARM.attributes
                0x00000b4d       0x34 c:/program files (x86)/atollic/truestudio for stm32 9.3.0/armtools/bin/../lib/gcc/arm-atollic-eabi/6.3.1/../../../../arm-atollic-eabi/lib/armv7e-m/fpu\libc_nano.a(lib_a-mlock.o)
 .ARM.attributes
                0x00000b81       0x34 c:/program files (x86)/atollic/truestudio for stm32 9.3.0/armtools/bin/../lib/gcc/arm-atollic-eabi/6.3.1/../../../../arm-atollic-eabi/lib/armv7e-m/fpu\libc_nano.a(lib_a-nano-msizer.o)
 .ARM.attributes
                0x00000bb5       0x22 c:/program files (x86)/atollic/truestudio for stm32 9.3.0/armtools/bin/../lib/gcc/arm-atollic-eabi/6.3.1/armv7e-m/fpu\libgcc.a(_arm_addsubdf3.o)
 .ARM.attributes
                0x00000bd7       0x22 c:/program files (x86)/atollic/truestudio for stm32 9.3.0/armtools/bin/../lib/gcc/arm-atollic-eabi/6.3.1/armv7e-m/fpu\libgcc.a(_arm_muldivdf3.o)
 .ARM.attributes
                0x00000bf9       0x22 c:/program files (x86)/atollic/truestudio for stm32 9.3.0/armtools/bin/../lib/gcc/arm-atollic-eabi/6.3.1/armv7e-m/fpu\libgcc.a(_arm_cmpdf2.o)
 .ARM.attributes
                0x00000c1b       0x22 c:/program files (x86)/atollic/truestudio for stm32 9.3.0/armtools/bin/../lib/gcc/arm-atollic-eabi/6.3.1/armv7e-m/fpu\libgcc.a(_arm_fixunsdfsi.o)
 .ARM.attributes
                0x00000c3d       0x22 c:/program files (x86)/atollic/truestudio for stm32 9.3.0/armtools/bin/../lib/gcc/arm-atollic-eabi/6.3.1/armv7e-m/fpu\libgcc.a(_aeabi_uldivmod.o)
 .ARM.attributes
                0x00000c5f       0x34 c:/program files (x86)/atollic/truestudio for stm32 9.3.0/armtools/bin/../lib/gcc/arm-atollic-eabi/6.3.1/armv7e-m/fpu\libgcc.a(_udivmoddi4.o)
 .ARM.attributes
                0x00000c93       0x22 c:/program files (x86)/atollic/truestudio for stm32 9.3.0/armtools/bin/../lib/gcc/arm-atollic-eabi/6.3.1/armv7e-m/fpu\libgcc.a(_dvmd_tls.o)
 .ARM.attributes
                0x00000cb5       0x22 c:/program files (x86)/atollic/truestudio for stm32 9.3.0/armtools/bin/../lib/gcc/arm-atollic-eabi/6.3.1/armv7e-m/fpu/crtn.o
OUTPUT(greenHouseMonitoring.elf elf32-littlearm)

.debug_info     0x00000000    0x1be67
 .debug_info    0x00000000     0x21e2 Core\Src\VL53L0X.o
 .debug_info    0x000021e2      0x559 Core\Src\hx711.o
 .debug_info    0x0000273b     0x33d7 Core\Src\main.o
 .debug_info    0x00005b12      0xbd0 Core\Src\mk_dht11.o
 .debug_info    0x000066e2     0x1e29 Core\Src\stm32l4xx_hal_msp.o
 .debug_info    0x0000850b      0xc1d Core\Src\stm32l4xx_it.o
 .debug_info    0x00009128      0xf16 Core\Src\syscalls.o
 .debug_info    0x0000a03e      0x726 Core\Src\system_stm32l4xx.o
 .debug_info    0x0000a764      0xcac Drivers\STM32L4xx_HAL_Driver\Src\stm32l4xx_hal.o
 .debug_info    0x0000b410     0x1df2 Drivers\STM32L4xx_HAL_Driver\Src\stm32l4xx_hal_adc.o
 .debug_info    0x0000d202      0xf22 Drivers\STM32L4xx_HAL_Driver\Src\stm32l4xx_hal_cortex.o
 .debug_info    0x0000e124      0x8ed Drivers\STM32L4xx_HAL_Driver\Src\stm32l4xx_hal_dma.o
 .debug_info    0x0000ea11      0x9cc Drivers\STM32L4xx_HAL_Driver\Src\stm32l4xx_hal_gpio.o
 .debug_info    0x0000f3dd     0x2107 Drivers\STM32L4xx_HAL_Driver\Src\stm32l4xx_hal_i2c.o
 .debug_info    0x000114e4      0xb87 Drivers\STM32L4xx_HAL_Driver\Src\stm32l4xx_hal_i2c_ex.o
 .debug_info    0x0001206b      0xad9 Drivers\STM32L4xx_HAL_Driver\Src\stm32l4xx_hal_pwr_ex.o
 .debug_info    0x00012b44      0xce8 Drivers\STM32L4xx_HAL_Driver\Src\stm32l4xx_hal_rcc.o
 .debug_info    0x0001382c     0x1045 Drivers\STM32L4xx_HAL_Driver\Src\stm32l4xx_hal_rcc_ex.o
 .debug_info    0x00014871      0xf8e Drivers\STM32L4xx_HAL_Driver\Src\stm32l4xx_hal_rtc.o
 .debug_info    0x000157ff     0x2a3a Drivers\STM32L4xx_HAL_Driver\Src\stm32l4xx_hal_tim.o
 .debug_info    0x00018239     0x16b2 Drivers\STM32L4xx_HAL_Driver\Src\stm32l4xx_hal_tim_ex.o
 .debug_info    0x000198eb     0x1956 Drivers\STM32L4xx_HAL_Driver\Src\stm32l4xx_hal_uart.o
 .debug_info    0x0001b241      0xba7 Drivers\STM32L4xx_HAL_Driver\Src\stm32l4xx_hal_uart_ex.o
 .debug_info    0x0001bde8       0x7f startup\startup_stm32l452xx.o

.debug_abbrev   0x00000000     0x3031
 .debug_abbrev  0x00000000      0x32e Core\Src\VL53L0X.o
 .debug_abbrev  0x0000032e      0x176 Core\Src\hx711.o
 .debug_abbrev  0x000004a4      0x37c Core\Src\main.o
 .debug_abbrev  0x00000820      0x1e7 Core\Src\mk_dht11.o
 .debug_abbrev  0x00000a07      0x216 Core\Src\stm32l4xx_hal_msp.o
 .debug_abbrev  0x00000c1d      0x153 Core\Src\stm32l4xx_it.o
 .debug_abbrev  0x00000d70      0x271 Core\Src\syscalls.o
 .debug_abbrev  0x00000fe1      0x142 Core\Src\system_stm32l4xx.o
 .debug_abbrev  0x00001123      0x1f6 Drivers\STM32L4xx_HAL_Driver\Src\stm32l4xx_hal.o
 .debug_abbrev  0x00001319      0x258 Drivers\STM32L4xx_HAL_Driver\Src\stm32l4xx_hal_adc.o
 .debug_abbrev  0x00001571      0x2f5 Drivers\STM32L4xx_HAL_Driver\Src\stm32l4xx_hal_cortex.o
 .debug_abbrev  0x00001866      0x1d4 Drivers\STM32L4xx_HAL_Driver\Src\stm32l4xx_hal_dma.o
 .debug_abbrev  0x00001a3a      0x1bb Drivers\STM32L4xx_HAL_Driver\Src\stm32l4xx_hal_gpio.o
 .debug_abbrev  0x00001bf5      0x225 Drivers\STM32L4xx_HAL_Driver\Src\stm32l4xx_hal_i2c.o
 .debug_abbrev  0x00001e1a      0x1b4 Drivers\STM32L4xx_HAL_Driver\Src\stm32l4xx_hal_i2c_ex.o
 .debug_abbrev  0x00001fce      0x1c6 Drivers\STM32L4xx_HAL_Driver\Src\stm32l4xx_hal_pwr_ex.o
 .debug_abbrev  0x00002194      0x240 Drivers\STM32L4xx_HAL_Driver\Src\stm32l4xx_hal_rcc.o
 .debug_abbrev  0x000023d4      0x233 Drivers\STM32L4xx_HAL_Driver\Src\stm32l4xx_hal_rcc_ex.o
 .debug_abbrev  0x00002607      0x1d3 Drivers\STM32L4xx_HAL_Driver\Src\stm32l4xx_hal_rtc.o
 .debug_abbrev  0x000027da      0x229 Drivers\STM32L4xx_HAL_Driver\Src\stm32l4xx_hal_tim.o
 .debug_abbrev  0x00002a03      0x22f Drivers\STM32L4xx_HAL_Driver\Src\stm32l4xx_hal_tim_ex.o
 .debug_abbrev  0x00002c32      0x210 Drivers\STM32L4xx_HAL_Driver\Src\stm32l4xx_hal_uart.o
 .debug_abbrev  0x00002e42      0x1dd Drivers\STM32L4xx_HAL_Driver\Src\stm32l4xx_hal_uart_ex.o
 .debug_abbrev  0x0000301f       0x12 startup\startup_stm32l452xx.o

.debug_aranges  0x00000000     0x1900
 .debug_aranges
                0x00000000      0x1a0 Core\Src\VL53L0X.o
 .debug_aranges
                0x000001a0       0x38 Core\Src\hx711.o
 .debug_aranges
                0x000001d8      0x170 Core\Src\main.o
 .debug_aranges
                0x00000348       0x30 Core\Src\mk_dht11.o
 .debug_aranges
                0x00000378       0x80 Core\Src\stm32l4xx_hal_msp.o
 .debug_aranges
                0x000003f8       0x70 Core\Src\stm32l4xx_it.o
 .debug_aranges
                0x00000468       0xb0 Core\Src\syscalls.o
 .debug_aranges
                0x00000518       0x28 Core\Src\system_stm32l4xx.o
 .debug_aranges
                0x00000540      0x130 Drivers\STM32L4xx_HAL_Driver\Src\stm32l4xx_hal.o
 .debug_aranges
                0x00000670      0x218 Drivers\STM32L4xx_HAL_Driver\Src\stm32l4xx_hal_adc.o
 .debug_aranges
                0x00000888      0x118 Drivers\STM32L4xx_HAL_Driver\Src\stm32l4xx_hal_cortex.o
 .debug_aranges
                0x000009a0       0x80 Drivers\STM32L4xx_HAL_Driver\Src\stm32l4xx_hal_dma.o
 .debug_aranges
                0x00000a20       0x58 Drivers\STM32L4xx_HAL_Driver\Src\stm32l4xx_hal_gpio.o
 .debug_aranges
                0x00000a78      0x290 Drivers\STM32L4xx_HAL_Driver\Src\stm32l4xx_hal_i2c.o
 .debug_aranges
                0x00000d08       0x48 Drivers\STM32L4xx_HAL_Driver\Src\stm32l4xx_hal_i2c_ex.o
 .debug_aranges
                0x00000d50      0x128 Drivers\STM32L4xx_HAL_Driver\Src\stm32l4xx_hal_pwr_ex.o
 .debug_aranges
                0x00000e78       0x88 Drivers\STM32L4xx_HAL_Driver\Src\stm32l4xx_hal_rcc.o
 .debug_aranges
                0x00000f00       0xf0 Drivers\STM32L4xx_HAL_Driver\Src\stm32l4xx_hal_rcc_ex.o
 .debug_aranges
                0x00000ff0       0xe8 Drivers\STM32L4xx_HAL_Driver\Src\stm32l4xx_hal_rtc.o
 .debug_aranges
                0x000010d8      0x3e0 Drivers\STM32L4xx_HAL_Driver\Src\stm32l4xx_hal_tim.o
 .debug_aranges
                0x000014b8      0x180 Drivers\STM32L4xx_HAL_Driver\Src\stm32l4xx_hal_tim_ex.o
 .debug_aranges
                0x00001638      0x228 Drivers\STM32L4xx_HAL_Driver\Src\stm32l4xx_hal_uart.o
 .debug_aranges
                0x00001860       0x78 Drivers\STM32L4xx_HAL_Driver\Src\stm32l4xx_hal_uart_ex.o
 .debug_aranges
                0x000018d8       0x28 startup\startup_stm32l452xx.o

.debug_ranges   0x00000000     0x17b8
 .debug_ranges  0x00000000      0x190 Core\Src\VL53L0X.o
 .debug_ranges  0x00000190       0x28 Core\Src\hx711.o
 .debug_ranges  0x000001b8      0x160 Core\Src\main.o
 .debug_ranges  0x00000318       0x20 Core\Src\mk_dht11.o
 .debug_ranges  0x00000338       0x70 Core\Src\stm32l4xx_hal_msp.o
 .debug_ranges  0x000003a8       0x60 Core\Src\stm32l4xx_it.o
 .debug_ranges  0x00000408       0xa0 Core\Src\syscalls.o
 .debug_ranges  0x000004a8       0x18 Core\Src\system_stm32l4xx.o
 .debug_ranges  0x000004c0      0x120 Drivers\STM32L4xx_HAL_Driver\Src\stm32l4xx_hal.o
 .debug_ranges  0x000005e0      0x208 Drivers\STM32L4xx_HAL_Driver\Src\stm32l4xx_hal_adc.o
 .debug_ranges  0x000007e8      0x108 Drivers\STM32L4xx_HAL_Driver\Src\stm32l4xx_hal_cortex.o
 .debug_ranges  0x000008f0       0x70 Drivers\STM32L4xx_HAL_Driver\Src\stm32l4xx_hal_dma.o
 .debug_ranges  0x00000960       0x48 Drivers\STM32L4xx_HAL_Driver\Src\stm32l4xx_hal_gpio.o
 .debug_ranges  0x000009a8      0x280 Drivers\STM32L4xx_HAL_Driver\Src\stm32l4xx_hal_i2c.o
 .debug_ranges  0x00000c28       0x38 Drivers\STM32L4xx_HAL_Driver\Src\stm32l4xx_hal_i2c_ex.o
 .debug_ranges  0x00000c60      0x118 Drivers\STM32L4xx_HAL_Driver\Src\stm32l4xx_hal_pwr_ex.o
 .debug_ranges  0x00000d78       0x78 Drivers\STM32L4xx_HAL_Driver\Src\stm32l4xx_hal_rcc.o
 .debug_ranges  0x00000df0       0xe0 Drivers\STM32L4xx_HAL_Driver\Src\stm32l4xx_hal_rcc_ex.o
 .debug_ranges  0x00000ed0       0xd8 Drivers\STM32L4xx_HAL_Driver\Src\stm32l4xx_hal_rtc.o
 .debug_ranges  0x00000fa8      0x3d0 Drivers\STM32L4xx_HAL_Driver\Src\stm32l4xx_hal_tim.o
 .debug_ranges  0x00001378      0x170 Drivers\STM32L4xx_HAL_Driver\Src\stm32l4xx_hal_tim_ex.o
 .debug_ranges  0x000014e8      0x248 Drivers\STM32L4xx_HAL_Driver\Src\stm32l4xx_hal_uart.o
 .debug_ranges  0x00001730       0x68 Drivers\STM32L4xx_HAL_Driver\Src\stm32l4xx_hal_uart_ex.o
 .debug_ranges  0x00001798       0x20 startup\startup_stm32l452xx.o

.debug_line     0x00000000     0xbe95
 .debug_line    0x00000000      0x966 Core\Src\VL53L0X.o
 .debug_line    0x00000966      0x2b3 Core\Src\hx711.o
 .debug_line    0x00000c19      0x912 Core\Src\main.o
 .debug_line    0x0000152b      0x3b7 Core\Src\mk_dht11.o
 .debug_line    0x000018e2      0x3fd Core\Src\stm32l4xx_hal_msp.o
 .debug_line    0x00001cdf      0x31a Core\Src\stm32l4xx_it.o
 .debug_line    0x00001ff9      0x3dd Core\Src\syscalls.o
 .debug_line    0x000023d6      0x24d Core\Src\system_stm32l4xx.o
 .debug_line    0x00002623      0x4c6 Drivers\STM32L4xx_HAL_Driver\Src\stm32l4xx_hal.o
 .debug_line    0x00002ae9      0xf04 Drivers\STM32L4xx_HAL_Driver\Src\stm32l4xx_hal_adc.o
 .debug_line    0x000039ed      0x583 Drivers\STM32L4xx_HAL_Driver\Src\stm32l4xx_hal_cortex.o
 .debug_line    0x00003f70      0x45f Drivers\STM32L4xx_HAL_Driver\Src\stm32l4xx_hal_dma.o
 .debug_line    0x000043cf      0x3cc Drivers\STM32L4xx_HAL_Driver\Src\stm32l4xx_hal_gpio.o
 .debug_line    0x0000479b     0x1644 Drivers\STM32L4xx_HAL_Driver\Src\stm32l4xx_hal_i2c.o
 .debug_line    0x00005ddf      0x396 Drivers\STM32L4xx_HAL_Driver\Src\stm32l4xx_hal_i2c_ex.o
 .debug_line    0x00006175      0x580 Drivers\STM32L4xx_HAL_Driver\Src\stm32l4xx_hal_pwr_ex.o
 .debug_line    0x000066f5      0x588 Drivers\STM32L4xx_HAL_Driver\Src\stm32l4xx_hal_rcc.o
 .debug_line    0x00006c7d      0x835 Drivers\STM32L4xx_HAL_Driver\Src\stm32l4xx_hal_rcc_ex.o
 .debug_line    0x000074b2      0x64c Drivers\STM32L4xx_HAL_Driver\Src\stm32l4xx_hal_rtc.o
 .debug_line    0x00007afe     0x213c Drivers\STM32L4xx_HAL_Driver\Src\stm32l4xx_hal_tim.o
 .debug_line    0x00009c3a      0xe77 Drivers\STM32L4xx_HAL_Driver\Src\stm32l4xx_hal_tim_ex.o
 .debug_line    0x0000aab1      0xe60 Drivers\STM32L4xx_HAL_Driver\Src\stm32l4xx_hal_uart.o
 .debug_line    0x0000b911      0x504 Drivers\STM32L4xx_HAL_Driver\Src\stm32l4xx_hal_uart_ex.o
 .debug_line    0x0000be15       0x80 startup\startup_stm32l452xx.o

.debug_str      0x00000000     0x79e8
 .debug_str     0x00000000     0x129f Core\Src\VL53L0X.o
                               0x14b1 (size before relaxing)
 .debug_str     0x0000129f      0x100 Core\Src\hx711.o
                                0x55d (size before relaxing)
 .debug_str     0x0000139f     0x12ab Core\Src\main.o
                               0x22f6 (size before relaxing)
 .debug_str     0x0000264a       0x89 Core\Src\mk_dht11.o
                                0xa56 (size before relaxing)
 .debug_str     0x000026d3      0x55e Core\Src\stm32l4xx_hal_msp.o
                               0x19a0 (size before relaxing)
 .debug_str     0x00002c31       0xd0 Core\Src\stm32l4xx_it.o
                                0xc0c (size before relaxing)
 .debug_str     0x00002d01      0x22f Core\Src\syscalls.o
                                0x860 (size before relaxing)
 .debug_str     0x00002f30       0xb8 Core\Src\system_stm32l4xx.o
                                0x636 (size before relaxing)
 .debug_str     0x00002fe8      0x434 Drivers\STM32L4xx_HAL_Driver\Src\stm32l4xx_hal.o
                                0xe6e (size before relaxing)
 .debug_str     0x0000341c      0x8a2 Drivers\STM32L4xx_HAL_Driver\Src\stm32l4xx_hal_adc.o
                               0x127a (size before relaxing)
 .debug_str     0x00003cbe      0x484 Drivers\STM32L4xx_HAL_Driver\Src\stm32l4xx_hal_cortex.o
                                0xdfc (size before relaxing)
 .debug_str     0x00004142      0x267 Drivers\STM32L4xx_HAL_Driver\Src\stm32l4xx_hal_dma.o
                                0x89f (size before relaxing)
 .debug_str     0x000043a9      0x14f Drivers\STM32L4xx_HAL_Driver\Src\stm32l4xx_hal_gpio.o
                                0x7e4 (size before relaxing)
 .debug_str     0x000044f8      0x879 Drivers\STM32L4xx_HAL_Driver\Src\stm32l4xx_hal_i2c.o
                               0x119f (size before relaxing)
 .debug_str     0x00004d71       0xf3 Drivers\STM32L4xx_HAL_Driver\Src\stm32l4xx_hal_i2c_ex.o
                                0xb5a (size before relaxing)
 .debug_str     0x00004e64      0x4a4 Drivers\STM32L4xx_HAL_Driver\Src\stm32l4xx_hal_pwr_ex.o
                                0xa08 (size before relaxing)
 .debug_str     0x00005308      0x1d4 Drivers\STM32L4xx_HAL_Driver\Src\stm32l4xx_hal_rcc.o
                                0xa4a (size before relaxing)
 .debug_str     0x000054dc      0x44d Drivers\STM32L4xx_HAL_Driver\Src\stm32l4xx_hal_rcc_ex.o
                                0xdcc (size before relaxing)
 .debug_str     0x00005929      0x2b4 Drivers\STM32L4xx_HAL_Driver\Src\stm32l4xx_hal_rtc.o
                                0xa9a (size before relaxing)
 .debug_str     0x00005bdd      0xe48 Drivers\STM32L4xx_HAL_Driver\Src\stm32l4xx_hal_tim.o
                               0x18c8 (size before relaxing)
 .debug_str     0x00006a25      0x67a Drivers\STM32L4xx_HAL_Driver\Src\stm32l4xx_hal_tim_ex.o
                               0x119a (size before relaxing)